Archive member included to satisfy reference by file (symbol)

app/libapp.a(main.c.obj)      (--whole-archive)
zephyr/libzephyr.a(cbprintf.c.obj)
                              (--whole-archive)
zephyr/libzephyr.a(crc32_sw.c.obj)
                              (--whole-archive)
zephyr/libzephyr.a(crc16_sw.c.obj)
                              (--whole-archive)
zephyr/libzephyr.a(crc8_sw.c.obj)
                              (--whole-archive)
zephyr/libzephyr.a(crc7_sw.c.obj)
                              (--whole-archive)
zephyr/libzephyr.a(dec.c.obj)
                              (--whole-archive)
zephyr/libzephyr.a(fdtable.c.obj)
                              (--whole-archive)
zephyr/libzephyr.a(hex.c.obj)
                              (--whole-archive)
zephyr/libzephyr.a(notify.c.obj)
                              (--whole-archive)
zephyr/libzephyr.a(printk.c.obj)
                              (--whole-archive)
zephyr/libzephyr.a(onoff.c.obj)
                              (--whole-archive)
zephyr/libzephyr.a(rb.c.obj)  (--whole-archive)
zephyr/libzephyr.a(sem.c.obj)
                              (--whole-archive)
zephyr/libzephyr.a(thread_entry.c.obj)
                              (--whole-archive)
zephyr/libzephyr.a(timeutil.c.obj)
                              (--whole-archive)
zephyr/libzephyr.a(work_q.c.obj)
                              (--whole-archive)
zephyr/libzephyr.a(heap.c.obj)
                              (--whole-archive)
zephyr/libzephyr.a(heap-validate.c.obj)
                              (--whole-archive)
zephyr/libzephyr.a(cbprintf_complete.c.obj)
                              (--whole-archive)
zephyr/libzephyr.a(configs.c.obj)
                              (--whole-archive)
zephyr/libzephyr.a(native_posix_console.c.obj)
                              (--whole-archive)
zephyr/libzephyr.a(sys_clock_init.c.obj)
                              (--whole-archive)
zephyr/libzephyr.a(native_posix_timer.c.obj)
                              (--whole-archive)
zephyr/arch/arch/posix/core/libarch__posix__core.a(cpuhalt.c.obj)
                              (--whole-archive)
zephyr/arch/arch/posix/core/libarch__posix__core.a(fatal.c.obj)
                              (--whole-archive)
zephyr/arch/arch/posix/core/libarch__posix__core.a(irq.c.obj)
                              (--whole-archive)
zephyr/arch/arch/posix/core/libarch__posix__core.a(posix_core.c.obj)
                              (--whole-archive)
zephyr/arch/arch/posix/core/libarch__posix__core.a(swap.c.obj)
                              (--whole-archive)
zephyr/arch/arch/posix/core/libarch__posix__core.a(thread.c.obj)
                              (--whole-archive)
zephyr/soc/posix/inf_clock/libsoc__posix__inf_clock.a(soc.c.obj)
                              (--whole-archive)
zephyr/boards/posix/native_posix/libboards__posix__native_posix.a(hw_models_top.c.obj)
                              (--whole-archive)
zephyr/boards/posix/native_posix/libboards__posix__native_posix.a(timer_model.c.obj)
                              (--whole-archive)
zephyr/boards/posix/native_posix/libboards__posix__native_posix.a(native_rtc.c.obj)
                              (--whole-archive)
zephyr/boards/posix/native_posix/libboards__posix__native_posix.a(irq_handler.c.obj)
                              (--whole-archive)
zephyr/boards/posix/native_posix/libboards__posix__native_posix.a(irq_ctrl.c.obj)
                              (--whole-archive)
zephyr/boards/posix/native_posix/libboards__posix__native_posix.a(main.c.obj)
                              (--whole-archive)
zephyr/boards/posix/native_posix/libboards__posix__native_posix.a(tracing.c.obj)
                              (--whole-archive)
zephyr/boards/posix/native_posix/libboards__posix__native_posix.a(cmdline_common.c.obj)
                              (--whole-archive)
zephyr/boards/posix/native_posix/libboards__posix__native_posix.a(cmdline.c.obj)
                              (--whole-archive)
zephyr/boards/posix/native_posix/libboards__posix__native_posix.a(cpu_wait.c.obj)
                              (--whole-archive)
zephyr/boards/posix/native_posix/libboards__posix__native_posix.a(hw_counter.c.obj)
                              (--whole-archive)
zephyr/kernel/libkernel.a(init.c.obj)
                              zephyr/soc/posix/inf_clock/libsoc__posix__inf_clock.a(soc.c.obj) (z_cstart)
zephyr/kernel/libkernel.a(mutex.c.obj)
                              zephyr/libzephyr.a(fdtable.c.obj) (z_impl_k_mutex_lock)
zephyr/kernel/libkernel.a(queue.c.obj)
                              zephyr/libzephyr.a(work_q.c.obj) (z_impl_k_queue_init)
zephyr/kernel/libkernel.a(sched.c.obj)
                              zephyr/arch/arch/posix/core/libarch__posix__core.a(posix_core.c.obj) (_kernel)
zephyr/kernel/libkernel.a(sem.c.obj)
                              zephyr/libzephyr.a(sem.c.obj) (z_impl_k_sem_init)
zephyr/kernel/libkernel.a(thread.c.obj)
[...]
Memory Configuration

Name             Origin             Length             Attributes
*default*        0x0000000000000000 0xffffffffffffffff

Linker script and memory map

LOAD app/libapp.a
LOAD zephyr/libzephyr.a
LOAD zephyr/arch/arch/posix/core/libarch__posix__core.a
LOAD zephyr/soc/posix/inf_clock/libsoc__posix__inf_clock.a
LOAD zephyr/boards/posix/native_posix/libboards__posix__native_posix.a
LOAD zephyr/kernel/libkernel.a
LOAD zephyr/CMakeFiles/offsets.dir/arch/posix/core/offsets/offsets.c.obj
LOAD /usr/lib/gcc/x86_64-linux-gnu/9/../../../x86_64-linux-gnu/libdl.so
LOAD /usr/lib/gcc/x86_64-linux-gnu/9/../../../x86_64-linux-gnu/libm.so
START GROUP
LOAD /lib/x86_64-linux-gnu/libm.so.6
LOAD /lib/x86_64-linux-gnu/libmvec.so.1
END GROUP
LOAD /usr/lib/gcc/x86_64-linux-gnu/9/libgcc.a
LOAD /usr/lib/gcc/x86_64-linux-gnu/9/libgcc_s.so
START GROUP
LOAD /usr/lib/gcc/x86_64-linux-gnu/9/../../../x86_64-linux-gnu/libgcc_s.so.1
LOAD /usr/lib/gcc/x86_64-linux-gnu/9/libgcc.a
END GROUP
LOAD /usr/lib/gcc/x86_64-linux-gnu/9/../../../x86_64-linux-gnu/libpthread.so
LOAD /usr/lib/gcc/x86_64-linux-gnu/9/../../../x86_64-linux-gnu/libc.so
START GROUP
LOAD /lib/x86_64-linux-gnu/libc.so.6
LOAD /usr/lib/x86_64-linux-gnu/libc_nonshared.a
LOAD /lib/x86_64-linux-gnu/ld-linux-x86-64.so.2
END GROUP
LOAD /usr/lib/gcc/x86_64-linux-gnu/9/libgcc.a
LOAD /usr/lib/gcc/x86_64-linux-gnu/9/libgcc_s.so
START GROUP
LOAD /usr/lib/gcc/x86_64-linux-gnu/9/../../../x86_64-linux-gnu/libgcc_s.so.1
LOAD /usr/lib/gcc/x86_64-linux-gnu/9/libgcc.a
END GROUP
LOAD /usr/lib/gcc/x86_64-linux-gnu/9/crtendS.o
LOAD /usr/lib/gcc/x86_64-linux-gnu/9/../../../x86_64-linux-gnu/crtn.o
                [!provide]                        PROVIDE (__executable_start = SEGMENT_START ("text-segment", 0x0))
                0x0000000000000318                . = (SEGMENT_START ("text-segment", 0x0) + SIZEOF_HEADERS)

.interp         0x0000000000000318       0x1c
 *(SORT_BY_ALIGNMENT(.interp))
 .interp        0x0000000000000318       0x1c /usr/lib/gcc/x86_64-linux-gnu/9/../../../x86_64-linux-gnu/Scrt1.o

.note.gnu.property
                0x0000000000000338       0x20
 .note.gnu.property
                0x0000000000000338       0x20 /usr/lib/gcc/x86_64-linux-gnu/9/../../../x86_64-linux-gnu/Scrt1.o

.note.ABI-tag   0x0000000000000358       0x20
 .note.ABI-tag  0x0000000000000358       0x20 /usr/lib/gcc/x86_64-linux-gnu/9/../../../x86_64-linux-gnu/Scrt1.o

.note.gnu.build-id
 *(SORT_BY_ALIGNMENT(.note.gnu.build-id))

.hash
 *(SORT_BY_ALIGNMENT(.hash))

.gnu.hash       0x0000000000000378       0x24
 *(SORT_BY_ALIGNMENT(.gnu.hash))
 .gnu.hash      0x0000000000000378       0x24 /usr/lib/gcc/x86_64-linux-gnu/9/../../../x86_64-linux-gnu/Scrt1.o

.dynsym         0x00000000000003a0      0x450
 *(SORT_BY_ALIGNMENT(.dynsym))
 .dynsym        0x00000000000003a0      0x450 /usr/lib/gcc/x86_64-linux-gnu/9/../../../x86_64-linux-gnu/Scrt1.o

.dynstr         0x00000000000007f0      0x2aa
 *(SORT_BY_ALIGNMENT(.dynstr))
 .dynstr        0x00000000000007f0      0x2aa /usr/lib/gcc/x86_64-linux-gnu/9/../../../x86_64-linux-gnu/Scrt1.o

.gnu.version    0x0000000000000a9a       0x5c
 *(SORT_BY_ALIGNMENT(.gnu.version))
 .gnu.version   0x0000000000000a9a       0x5c /usr/lib/gcc/x86_64-linux-gnu/9/../../../x86_64-linux-gnu/Scrt1.o

.gnu.version_d  0x0000000000000af8        0x0
 *(SORT_BY_ALIGNMENT(.gnu.version_d))
 .gnu.version_d
                0x0000000000000af8        0x0 /usr/lib/gcc/x86_64-linux-gnu/9/../../../x86_64-linux-gnu/Scrt1.o

.gnu.version_r  0x0000000000000af8       0xa0
 *(SORT_BY_ALIGNMENT(.gnu.version_r))
 .gnu.version_r
                0x0000000000000af8       0xa0 /usr/lib/gcc/x86_64-linux-gnu/9/../../../x86_64-linux-gnu/Scrt1.o

.rela.dyn       0x0000000000000b98      0x7e0
 *(SORT_BY_ALIGNMENT(.rela.init))
 *(SORT_BY_ALIGNMENT(.rela.text) SORT_BY_ALIGNMENT(.rela.text.*) SORT_BY_ALIGNMENT(.rela.gnu.linkonce.t.*))
 .rela.text.z_init_static_threads
                0x0000000000000b98        0x0 /usr/lib/gcc/x86_64-linux-gnu/9/../../../x86_64-linux-gnu/Scrt1.o
 .rela.text.statics_init
                0x0000000000000b98        0x0 /usr/lib/gcc/x86_64-linux-gnu/9/../../../x86_64-linux-gnu/Scrt1.o
 .rela.text     0x0000000000000b98        0x0 /usr/lib/gcc/x86_64-linux-gnu/9/../../../x86_64-linux-gnu/Scrt1.o
 *(SORT_BY_ALIGNMENT(.rela.fini))
 *(SORT_BY_ALIGNMENT(.rela.rodata) SORT_BY_ALIGNMENT(.rela.rodata.*) SORT_BY_ALIGNMENT(.rela.gnu.linkonce.r.*))
 *(SORT_BY_ALIGNMENT(.rela.data) SORT_BY_ALIGNMENT(.rela.data.*) SORT_BY_ALIGNMENT(.rela.gnu.linkonce.d.*))
 .rela.data.rel.ro
                0x0000000000000b98        0x0 /usr/lib/gcc/x86_64-linux-gnu/9/../../../x86_64-linux-gnu/Scrt1.o
 .rela.data.rel.local
                0x0000000000000b98       0x18 /usr/lib/gcc/x86_64-linux-gnu/9/../../../x86_64-linux-gnu/Scrt1.o
 .rela.data.rel._char_out
                0x0000000000000bb0       0x18 /usr/lib/gcc/x86_64-linux-gnu/9/../../../x86_64-linux-gnu/Scrt1.o
 .rela.data.rel.ro.native_pre_tasks.6167
                0x0000000000000bc8       0x90 /usr/lib/gcc/x86_64-linux-gnu/9/../../../x86_64-linux-gnu/Scrt1.o
 .rela.data.rel.local.timer_options.3187
                0x0000000000000c58      0x300 /usr/lib/gcc/x86_64-linux-gnu/9/../../../x86_64-linux-gnu/Scrt1.o
 .rela.data.rel.trace_options.3560
                0x0000000000000f58      0x120 /usr/lib/gcc/x86_64-linux-gnu/9/../../../x86_64-linux-gnu/Scrt1.o
 .rela.data.rel.local.testargs_options.2552
                0x0000000000001078       0x48 /usr/lib/gcc/x86_64-linux-gnu/9/../../../x86_64-linux-gnu/Scrt1.o
 .rela.data.rel.local.timeout_list
                0x00000000000010c0       0x30 /usr/lib/gcc/x86_64-linux-gnu/9/../../../x86_64-linux-gnu/Scrt1.o
 .rela.data.rel.ro.levels.4720
                0x00000000000010f0       0x78 /usr/lib/gcc/x86_64-linux-gnu/9/../../../x86_64-linux-gnu/Scrt1.o
 *(SORT_BY_ALIGNMENT(.rela.tdata) SORT_BY_ALIGNMENT(.rela.tdata.*) SORT_BY_ALIGNMENT(.rela.gnu.linkonce.td.*))
 *(SORT_BY_ALIGNMENT(.rela.tbss) SORT_BY_ALIGNMENT(.rela.tbss.*) SORT_BY_ALIGNMENT(.rela.gnu.linkonce.tb.*))
 *(SORT_BY_ALIGNMENT(.rela.ctors))
 *(SORT_BY_ALIGNMENT(.rela.dtors))
 *(SORT_BY_ALIGNMENT(.rela.got))
 .rela.got      0x0000000000001168      0x138 /usr/lib/gcc/x86_64-linux-gnu/9/../../../x86_64-linux-gnu/Scrt1.o
 *(SORT_BY_ALIGNMENT(.rela.bss) SORT_BY_ALIGNMENT(.rela.bss.*) SORT_BY_ALIGNMENT(.rela.gnu.linkonce.b.*))
 .rela.bss      0x00000000000012a0        0x0 /usr/lib/gcc/x86_64-linux-gnu/9/../../../x86_64-linux-gnu/Scrt1.o
 *(SORT_BY_ALIGNMENT(.rela.ldata) SORT_BY_ALIGNMENT(.rela.ldata.*) SORT_BY_ALIGNMENT(.rela.gnu.linkonce.l.*))
 *(SORT_BY_ALIGNMENT(.rela.lbss) SORT_BY_ALIGNMENT(.rela.lbss.*) SORT_BY_ALIGNMENT(.rela.gnu.linkonce.lb.*))
 *(SORT_BY_ALIGNMENT(.rela.lrodata) SORT_BY_ALIGNMENT(.rela.lrodata.*) SORT_BY_ALIGNMENT(.rela.gnu.linkonce.lr.*))
 *(SORT_BY_ALIGNMENT(.rela.ifunc))
 .rela.ifunc    0x00000000000012a0        0x0 /usr/lib/gcc/x86_64-linux-gnu/9/../../../x86_64-linux-gnu/Scrt1.o
 .rela.fini_array
                0x00000000000012a0       0x18 /usr/lib/gcc/x86_64-linux-gnu/9/../../../x86_64-linux-gnu/Scrt1.o
 .rela.init_array
                0x00000000000012b8       0x18 /usr/lib/gcc/x86_64-linux-gnu/9/../../../x86_64-linux-gnu/Scrt1.o
 .rela.init_PRE_KERNEL_160
                0x00000000000012d0       0x18 /usr/lib/gcc/x86_64-linux-gnu/9/../../../x86_64-linux-gnu/Scrt1.o
 .rela.init_PRE_KERNEL_20
                0x00000000000012e8       0x30 /usr/lib/gcc/x86_64-linux-gnu/9/../../../x86_64-linux-gnu/Scrt1.o
 .rela.device_PRE_KERNEL_20
                0x0000000000001318       0x18 /usr/lib/gcc/x86_64-linux-gnu/9/../../../x86_64-linux-gnu/Scrt1.o
 .rela.native_PRE_BOOT_11_task
                0x0000000000001330       0x18 /usr/lib/gcc/x86_64-linux-gnu/9/../../../x86_64-linux-gnu/Scrt1.o
 .rela.native_PRE_BOOT_20_task
                0x0000000000001348       0x18 /usr/lib/gcc/x86_64-linux-gnu/9/../../../x86_64-linux-gnu/Scrt1.o
 .rela.init_PRE_KERNEL_130
                0x0000000000001360       0x18 /usr/lib/gcc/x86_64-linux-gnu/9/../../../x86_64-linux-gnu/Scrt1.o

.rela.plt       0x0000000000001378      0x378
 *(SORT_BY_ALIGNMENT(.rela.plt))
 .rela.plt      0x0000000000001378      0x378 /usr/lib/gcc/x86_64-linux-gnu/9/../../../x86_64-linux-gnu/Scrt1.o
 *(SORT_BY_ALIGNMENT(.rela.iplt))
                0x0000000000002000                . = ALIGN (CONSTANT (MAXPAGESIZE))

.init           0x0000000000002000       0x1b
 *(SORT_NONE(.init))
 .init          0x0000000000002000       0x16 /usr/lib/gcc/x86_64-linux-gnu/9/../../../x86_64-linux-gnu/crti.o
                0x0000000000002000                _init
 .init          0x0000000000002016        0x5 /usr/lib/gcc/x86_64-linux-gnu/9/../../../x86_64-linux-gnu/crtn.o

.plt            0x0000000000002020      0x260
 *(SORT_BY_ALIGNMENT(.plt))
 .plt           0x0000000000002020      0x260 /usr/lib/gcc/x86_64-linux-gnu/9/../../../x86_64-linux-gnu/Scrt1.o
 *(SORT_BY_ALIGNMENT(.iplt))

.plt.got        0x0000000000002280       0x10
 *(SORT_BY_ALIGNMENT(.plt.got))
 .plt.got       0x0000000000002280       0x10 /usr/lib/gcc/x86_64-linux-gnu/9/../../../x86_64-linux-gnu/Scrt1.o
                0x0000000000002280                __cxa_finalize@@GLIBC_2.2.5

.plt.sec        0x0000000000002290      0x250
 *(SORT_BY_ALIGNMENT(.plt.sec))
 .plt.sec       0x0000000000002290      0x250 /usr/lib/gcc/x86_64-linux-gnu/9/../../../x86_64-linux-gnu/Scrt1.o
                0x0000000000002290                __snprintf_chk@@GLIBC_2.3.4
                0x00000000000022a0                free@@GLIBC_2.2.5
                0x00000000000022b0                pthread_create@@GLIBC_2.2.5
                0x00000000000022c0                strcasecmp@@GLIBC_2.2.5
                0x00000000000022d0                pthread_detach@@GLIBC_2.2.5
                0x00000000000022e0                __vfprintf_chk@@GLIBC_2.3.4
                0x00000000000022f0                pthread_cond_broadcast@@GLIBC_2.3.2
                0x0000000000002300                pthread_cancel@@GLIBC_2.2.5
                0x0000000000002310                isatty@@GLIBC_2.2.5
                0x0000000000002320                sigaction@@GLIBC_2.2.5
                0x0000000000002330                __pthread_register_cancel@@GLIBC_2.3.3
                0x0000000000002340                strtod@@GLIBC_2.2.5
                0x0000000000002350                clock_gettime@@GLIBC_2.17
                0x0000000000002360                pthread_cond_wait@@GLIBC_2.3.2
                0x0000000000002370                __stack_chk_fail@@GLIBC_2.4
                0x0000000000002380                snprintf@@GLIBC_2.2.5
                0x0000000000002390                nanosleep@@GLIBC_2.2.5
                0x00000000000023a0                strnlen@@GLIBC_2.2.5
                0x00000000000023b0                strtoull@@GLIBC_2.2.5
                0x00000000000023c0                calloc@@GLIBC_2.2.5
                0x00000000000023d0                strcmp@@GLIBC_2.2.5
                0x00000000000023e0                strtoll@@GLIBC_2.2.5
                0x00000000000023f0                sigemptyset@@GLIBC_2.2.5
                0x0000000000002400                strtol@@GLIBC_2.2.5
                0x0000000000002410                pthread_mutex_unlock@@GLIBC_2.2.5
                0x0000000000002420                pthread_exit@@GLIBC_2.2.5
                0x0000000000002430                realloc@@GLIBC_2.2.5
                0x0000000000002440                setvbuf@@GLIBC_2.2.5
                0x0000000000002450                pthread_self@@GLIBC_2.2.5
                0x0000000000002460                strtoul@@GLIBC_2.2.5
                0x0000000000002470                __pthread_unwind_next@@GLIBC_2.3.3
                0x0000000000002480                exit@@GLIBC_2.2.5
                0x0000000000002490                __fprintf_chk@@GLIBC_2.3.4
                0x00000000000024a0                __sigsetjmp@@GLIBC_2.2.5
                0x00000000000024b0                sleep@@GLIBC_2.2.5
                0x00000000000024c0                pthread_mutex_lock@@GLIBC_2.2.5
                0x00000000000024d0                __ctype_b_loc@@GLIBC_2.3

.text           0x00000000000024e0     0x3f11
 *(SORT_BY_ALIGNMENT(.text.unlikely) SORT_BY_ALIGNMENT(.text.*_unlikely) SORT_BY_ALIGNMENT(.text.unlikely.*))
 *(SORT_BY_ALIGNMENT(.text.exit) SORT_BY_ALIGNMENT(.text.exit.*))
 *(SORT_BY_ALIGNMENT(.text.startup) SORT_BY_ALIGNMENT(.text.startup.*))
 *(SORT_BY_ALIGNMENT(.text.hot) SORT_BY_ALIGNMENT(.text.hot.*))
 *(SORT_BY_NAME(SORT_BY_ALIGNMENT(.text.sorted.*)))
 *(SORT_BY_ALIGNMENT(.text) SORT_BY_ALIGNMENT(.stub) SORT_BY_ALIGNMENT(.text.*) SORT_BY_ALIGNMENT(.gnu.linkonce.t.*))
 .text          0x00000000000024e0       0x2f /usr/lib/gcc/x86_64-linux-gnu/9/../../../x86_64-linux-gnu/Scrt1.o
                0x00000000000024e0                _start
 *fill*         0x000000000000250f        0x1 
 .text          0x0000000000002510       0xb9 /usr/lib/gcc/x86_64-linux-gnu/9/crtbeginS.o
 *fill*         0x00000000000025c9        0x7 
 .text          0x00000000000025d0       0x75 /usr/lib/x86_64-linux-gnu/libc_nonshared.a(elf-init.oS)
                0x00000000000025d0                __libc_csu_init
                0x0000000000002640                __libc_csu_fini
 .text.zephyr_app_main
                0x0000000000002645       0x19 app/libapp.a(main.c.obj)
                0x0000000000002645                zephyr_app_main
 .text.arch_printk_char_out
                0x000000000000265e        0x7 zephyr/libzephyr.a(printk.c.obj)
                0x000000000000265e                arch_printk_char_out
 .text.char_out
                0x0000000000002665        0xf zephyr/libzephyr.a(printk.c.obj)
 .text.__printk_hook_install
                0x0000000000002674        0xf zephyr/libzephyr.a(printk.c.obj)
                0x0000000000002674                __printk_hook_install
 .text.vprintk  0x0000000000002683       0x51 zephyr/libzephyr.a(printk.c.obj)
                0x0000000000002683                vprintk
 .text.printk   0x00000000000026d4       0xba zephyr/libzephyr.a(printk.c.obj)
                0x00000000000026d4                printk
 .text.z_thread_entry
                0x000000000000278e       0x3f zephyr/libzephyr.a(thread_entry.c.obj)
                0x000000000000278e                z_thread_entry
 .text.chunk_size
                0x00000000000027cd        0x8 zephyr/libzephyr.a(heap.c.obj)
 .text.set_chunk_used
                0x00000000000027d5       0x1d zephyr/libzephyr.a(heap.c.obj)
 .text.free_list_add
                0x00000000000027f2       0x65 zephyr/libzephyr.a(heap.c.obj)
 .text.sys_heap_init
                0x0000000000002857       0xb1 zephyr/libzephyr.a(heap.c.obj)
                0x0000000000002857                sys_heap_init
 .text.outs     0x0000000000002908       0x51 zephyr/libzephyr.a(cbprintf_complete.c.obj)
 .text.extract_decimal
                0x0000000000002959       0x37 zephyr/libzephyr.a(cbprintf_complete.c.obj)
 .text.encode_uint
                0x0000000000002990       0xae zephyr/libzephyr.a(cbprintf_complete.c.obj)
 .text.cbvprintf
                0x0000000000002a3e      0xa36 zephyr/libzephyr.a(cbprintf_complete.c.obj)
                0x0000000000002a3e                cbvprintf
 .text._ConfigAbsSyms
                0x0000000000003474        0x5 zephyr/libzephyr.a(configs.c.obj)
                0x0000000000003474                _ConfigAbsSyms
 .text.native_posix_console_init
                0x0000000000003479       0x4b zephyr/libzephyr.a(native_posix_console.c.obj)
 .text.np_timer_isr
                0x00000000000034c4       0x39 zephyr/libzephyr.a(native_posix_timer.c.obj)
 .text.z_clock_driver_init
                0x00000000000034fd       0x53 zephyr/libzephyr.a(native_posix_timer.c.obj)
                0x00000000000034fd                z_clock_driver_init
 .text.z_clock_set_timeout
                0x0000000000003550       0x27 zephyr/libzephyr.a(native_posix_timer.c.obj)
                0x0000000000003550                z_clock_set_timeout
 .text.z_clock_elapsed
                0x0000000000003577       0x1c zephyr/libzephyr.a(native_posix_timer.c.obj)
                0x0000000000003577                z_clock_elapsed
 .text.arch_cpu_idle
                0x0000000000003593       0x10 zephyr/arch/arch/posix/core/libarch__posix__core.a(cpuhalt.c.obj)
                0x0000000000003593                arch_cpu_idle
 .text.arch_irq_enable
                0x00000000000035a3        0x9 zephyr/arch/arch/posix/core/libarch__posix__core.a(irq.c.obj)
                0x00000000000035a3                arch_irq_enable
 .text.pc_safe_call
                0x00000000000035ac       0x13 zephyr/arch/arch/posix/core/libarch__posix__core.a(posix_core.c.obj)
 .text.posix_preexit_cleanup
                0x00000000000035bf       0x29 zephyr/arch/arch/posix/core/libarch__posix__core.a(posix_core.c.obj)
 .text.abort_tail
                0x00000000000035e8       0x27 zephyr/arch/arch/posix/core/libarch__posix__core.a(posix_core.c.obj)
 .text.posix_wait_until_allowed
                0x000000000000360f       0x62 zephyr/arch/arch/posix/core/libarch__posix__core.a(posix_core.c.obj)
 .text.posix_cleanup_handler
                0x0000000000003671       0x37 zephyr/arch/arch/posix/core/libarch__posix__core.a(posix_core.c.obj)
 .text.posix_thread_starter
                0x00000000000036a8       0xbf zephyr/arch/arch/posix/core/libarch__posix__core.a(posix_core.c.obj)
 .text.posix_swap
                0x0000000000003767       0x47 zephyr/arch/arch/posix/core/libarch__posix__core.a(posix_core.c.obj)
                0x0000000000003767                posix_swap
 .text.posix_main_thread_start
                0x00000000000037ae       0x31 zephyr/arch/arch/posix/core/libarch__posix__core.a(posix_core.c.obj)
                0x00000000000037ae                posix_main_thread_start
 .text.posix_new_thread
                0x00000000000037df       0xda zephyr/arch/arch/posix/core/libarch__posix__core.a(posix_core.c.obj)
                0x00000000000037df                posix_new_thread
 .text.posix_init_multithreading
                0x00000000000038b9       0x65 zephyr/arch/arch/posix/core/libarch__posix__core.a(posix_core.c.obj)
                0x00000000000038b9                posix_init_multithreading
 .text.posix_core_clean_up
                0x000000000000391e       0x71 zephyr/arch/arch/posix/core/libarch__posix__core.a(posix_core.c.obj)
                0x000000000000391e                posix_core_clean_up
 .text.posix_abort_thread
                0x000000000000398f       0x1e zephyr/arch/arch/posix/core/libarch__posix__core.a(posix_core.c.obj)
                0x000000000000398f                posix_abort_thread
 .text.z_impl_k_thread_abort
                0x00000000000039ad       0xa7 zephyr/arch/arch/posix/core/libarch__posix__core.a(posix_core.c.obj)
                0x00000000000039ad                z_impl_k_thread_abort
 .text.arch_swap
                0x0000000000003a54       0x4a zephyr/arch/arch/posix/core/libarch__posix__core.a(swap.c.obj)
                0x0000000000003a54                arch_swap
 .text.arch_switch_to_main_thread
                0x0000000000003a9e       0x1f zephyr/arch/arch/posix/core/libarch__posix__core.a(swap.c.obj)
                0x0000000000003a9e                arch_switch_to_main_thread
 .text.arch_new_thread
                0x0000000000003abd       0x30 zephyr/arch/arch/posix/core/libarch__posix__core.a(thread.c.obj)
                0x0000000000003abd                arch_new_thread
 .text.posix_new_thread_pre_start
                0x0000000000003aed        0x9 zephyr/arch/arch/posix/core/libarch__posix__core.a(thread.c.obj)
                0x0000000000003aed                posix_new_thread_pre_start
 .text.pc_safe_call
                0x0000000000003af6       0x13 zephyr/soc/posix/inf_clock/libsoc__posix__inf_clock.a(soc.c.obj)
 .text.zephyr_wrapper
                0x0000000000003b09       0x45 zephyr/soc/posix/inf_clock/libsoc__posix__inf_clock.a(soc.c.obj)
 .text.posix_is_cpu_running
                0x0000000000003b4e       0x11 zephyr/soc/posix/inf_clock/libsoc__posix__inf_clock.a(soc.c.obj)
                0x0000000000003b4e                posix_is_cpu_running
 .text.posix_change_cpu_state_and_wait
                0x0000000000003b5f       0x83 zephyr/soc/posix/inf_clock/libsoc__posix__inf_clock.a(soc.c.obj)
                0x0000000000003b5f                posix_change_cpu_state_and_wait
 .text.posix_interrupt_raised
                0x0000000000003be2       0x1f zephyr/soc/posix/inf_clock/libsoc__posix__inf_clock.a(soc.c.obj)
                0x0000000000003be2                posix_interrupt_raised
 .text.posix_halt_cpu
                0x0000000000003c01       0x15 zephyr/soc/posix/inf_clock/libsoc__posix__inf_clock.a(soc.c.obj)
                0x0000000000003c01                posix_halt_cpu
 .text.posix_boot_cpu
                0x0000000000003c16       0xc1 zephyr/soc/posix/inf_clock/libsoc__posix__inf_clock.a(soc.c.obj)
                0x0000000000003c16                posix_boot_cpu
 .text.run_native_tasks
                0x0000000000003cd7       0x3a zephyr/soc/posix/inf_clock/libsoc__posix__inf_clock.a(soc.c.obj)
                0x0000000000003cd7                run_native_tasks
 .text.posix_soc_clean_up
                0x0000000000003d11       0x91 zephyr/soc/posix/inf_clock/libsoc__posix__inf_clock.a(soc.c.obj)
                0x0000000000003d11                posix_soc_clean_up
 .text.hwm_signal_end_handler
                0x0000000000003da2        0xf zephyr/boards/posix/native_posix/libboards__posix__native_posix.a(hw_models_top.c.obj)
                0x0000000000003da2                hwm_signal_end_handler
 .text.hwm_set_sig_handler
                0x0000000000003db1       0xcc zephyr/boards/posix/native_posix/libboards__posix__native_posix.a(hw_models_top.c.obj)
                0x0000000000003db1                hwm_set_sig_handler
 .text.hwm_find_next_timer
                0x0000000000003e7d       0x64 zephyr/boards/posix/native_posix/libboards__posix__native_posix.a(hw_models_top.c.obj)
                0x0000000000003e7d                hwm_find_next_timer
 .text.hwm_main_loop
                0x0000000000003ee1       0xc9 zephyr/boards/posix/native_posix/libboards__posix__native_posix.a(hw_models_top.c.obj)
                0x0000000000003ee1                hwm_main_loop
 .text.hwm_set_end_of_time
                0x0000000000003faa        0xc zephyr/boards/posix/native_posix/libboards__posix__native_posix.a(hw_models_top.c.obj)
                0x0000000000003faa                hwm_set_end_of_time
 .text.hwm_get_time
                0x0000000000003fb6        0xc zephyr/boards/posix/native_posix/libboards__posix__native_posix.a(hw_models_top.c.obj)
                0x0000000000003fb6                hwm_get_time
 .text.hwm_init
                0x0000000000003fc2       0x1f zephyr/boards/posix/native_posix/libboards__posix__native_posix.a(hw_models_top.c.obj)
                0x0000000000003fc2                hwm_init
 .text.hwm_cleanup
                0x0000000000003fe1       0x10 zephyr/boards/posix/native_posix/libboards__posix__native_posix.a(hw_models_top.c.obj)
                0x0000000000003fe1                hwm_cleanup
 .text.hwtimer_update_timer
                0x0000000000003ff1       0x23 zephyr/boards/posix/native_posix/libboards__posix__native_posix.a(timer_model.c.obj)
 .text.native_add_time_options
                0x0000000000004014       0x10 zephyr/boards/posix/native_posix/libboards__posix__native_posix.a(timer_model.c.obj)
 .text.cmd_stop_at_found
                0x0000000000004024       0x5c zephyr/boards/posix/native_posix/libboards__posix__native_posix.a(timer_model.c.obj)
 .text.hwtimer_set_real_time_mode
                0x0000000000004080        0xc zephyr/boards/posix/native_posix/libboards__posix__native_posix.a(timer_model.c.obj)
                0x0000000000004080                hwtimer_set_real_time_mode
 .text.cmd_no_realtime_found
                0x000000000000408c        0xb zephyr/boards/posix/native_posix/libboards__posix__native_posix.a(timer_model.c.obj)
 .text.cmd_realtime_found
                0x0000000000004097        0xe zephyr/boards/posix/native_posix/libboards__posix__native_posix.a(timer_model.c.obj)
 .text.get_host_us_time
                0x00000000000040a5       0xaa zephyr/boards/posix/native_posix/libboards__posix__native_posix.a(timer_model.c.obj)
                0x00000000000040a5                get_host_us_time
 .text.hwtimer_init
                0x000000000000414f      0x103 zephyr/boards/posix/native_posix/libboards__posix__native_posix.a(timer_model.c.obj)
                0x000000000000414f                hwtimer_init
 .text.hwtimer_cleanup
                0x0000000000004252        0x5 zephyr/boards/posix/native_posix/libboards__posix__native_posix.a(timer_model.c.obj)
                0x0000000000004252                hwtimer_cleanup
 .text.hwtimer_enable
                0x0000000000004257       0x2d zephyr/boards/posix/native_posix/libboards__posix__native_posix.a(timer_model.c.obj)
                0x0000000000004257                hwtimer_enable
 .text.hwtimer_timer_reached
                0x0000000000004284      0x185 zephyr/boards/posix/native_posix/libboards__posix__native_posix.a(timer_model.c.obj)
                0x0000000000004284                hwtimer_timer_reached
 .text.hwtimer_set_silent_ticks
                0x0000000000004409        0xc zephyr/boards/posix/native_posix/libboards__posix__native_posix.a(timer_model.c.obj)
                0x0000000000004409                hwtimer_set_silent_ticks
 .text.hwtimer_reset_rtc
                0x0000000000004415        0xc zephyr/boards/posix/native_posix/libboards__posix__native_posix.a(timer_model.c.obj)
                0x0000000000004415                hwtimer_reset_rtc
 .text.cmd_rtcreset_found
                0x0000000000004421        0x9 zephyr/boards/posix/native_posix/libboards__posix__native_posix.a(timer_model.c.obj)
 .text.hwtimer_set_rtc_offset
                0x000000000000442a        0xc zephyr/boards/posix/native_posix/libboards__posix__native_posix.a(timer_model.c.obj)
                0x000000000000442a                hwtimer_set_rtc_offset
 .text.cmd_rtcoffset_found
                0x0000000000004436       0x1e zephyr/boards/posix/native_posix/libboards__posix__native_posix.a(timer_model.c.obj)
 .text.hwtimer_set_rt_ratio
                0x0000000000004454        0xd zephyr/boards/posix/native_posix/libboards__posix__native_posix.a(timer_model.c.obj)
                0x0000000000004454                hwtimer_set_rt_ratio
 .text.cmd_rt_ratio_found
                0x0000000000004461       0x38 zephyr/boards/posix/native_posix/libboards__posix__native_posix.a(timer_model.c.obj)
 .text.cmd_rt_drift_found
                0x0000000000004499       0x43 zephyr/boards/posix/native_posix/libboards__posix__native_posix.a(timer_model.c.obj)
 .text.posix_irq_handler
                0x00000000000044dc      0x108 zephyr/boards/posix/native_posix/libboards__posix__native_posix.a(irq_handler.c.obj)
                0x00000000000044dc                posix_irq_handler
 .text.posix_irq_handler_im_from_sw
                0x00000000000045e4       0x32 zephyr/boards/posix/native_posix/libboards__posix__native_posix.a(irq_handler.c.obj)
                0x00000000000045e4                posix_irq_handler_im_from_sw
 .text.posix_irq_lock
                0x0000000000004616        0xe zephyr/boards/posix/native_posix/libboards__posix__native_posix.a(irq_handler.c.obj)
                0x0000000000004616                posix_irq_lock
 .text.posix_irq_unlock
                0x0000000000004624        0x9 zephyr/boards/posix/native_posix/libboards__posix__native_posix.a(irq_handler.c.obj)
                0x0000000000004624                posix_irq_unlock
 .text.posix_irq_full_unlock
                0x000000000000462d        0xb zephyr/boards/posix/native_posix/libboards__posix__native_posix.a(irq_handler.c.obj)
                0x000000000000462d                posix_irq_full_unlock
 .text.posix_irq_enable
                0x0000000000004638        0x9 zephyr/boards/posix/native_posix/libboards__posix__native_posix.a(irq_handler.c.obj)
                0x0000000000004638                posix_irq_enable
 .text.posix_isr_declare
                0x0000000000004641       0x25 zephyr/boards/posix/native_posix/libboards__posix__native_posix.a(irq_handler.c.obj)
                0x0000000000004641                posix_isr_declare
 .text.posix_irq_priority_set
                0x0000000000004666        0x9 zephyr/boards/posix/native_posix/libboards__posix__native_posix.a(irq_handler.c.obj)
                0x0000000000004666                posix_irq_priority_set
 .text.irq_raising_from_hw_now
                0x000000000000466f       0x1f zephyr/boards/posix/native_posix/libboards__posix__native_posix.a(irq_ctrl.c.obj)
 .text.hw_irq_ctrl_irq_raise_prefix
                0x000000000000468e       0x40 zephyr/boards/posix/native_posix/libboards__posix__native_posix.a(irq_ctrl.c.obj)
 .text.hw_irq_ctrl_init
                0x00000000000046ce       0x3f zephyr/boards/posix/native_posix/libboards__posix__native_posix.a(irq_ctrl.c.obj)
                0x00000000000046ce                hw_irq_ctrl_init
 .text.hw_irq_ctrl_cleanup
                0x000000000000470d        0x5 zephyr/boards/posix/native_posix/libboards__posix__native_posix.a(irq_ctrl.c.obj)
                0x000000000000470d                hw_irq_ctrl_cleanup
 .text.hw_irq_ctrl_set_cur_prio
                0x0000000000004712        0xb zephyr/boards/posix/native_posix/libboards__posix__native_posix.a(irq_ctrl.c.obj)
                0x0000000000004712                hw_irq_ctrl_set_cur_prio
 .text.hw_irq_ctrl_get_cur_prio
                0x000000000000471d        0xb zephyr/boards/posix/native_posix/libboards__posix__native_posix.a(irq_ctrl.c.obj)
                0x000000000000471d                hw_irq_ctrl_get_cur_prio
 .text.hw_irq_ctrl_prio_set
                0x0000000000004728       0x12 zephyr/boards/posix/native_posix/libboards__posix__native_posix.a(irq_ctrl.c.obj)
                0x0000000000004728                hw_irq_ctrl_prio_set
 .text.hw_irq_ctrl_get_prio
                0x000000000000473a       0x11 zephyr/boards/posix/native_posix/libboards__posix__native_posix.a(irq_ctrl.c.obj)
                0x000000000000473a                hw_irq_ctrl_get_prio
 .text.hw_irq_ctrl_get_current_lock
                0x000000000000474b        0xc zephyr/boards/posix/native_posix/libboards__posix__native_posix.a(irq_ctrl.c.obj)
                0x000000000000474b                hw_irq_ctrl_get_current_lock
 .text.hw_irq_ctrl_change_lock
                0x0000000000004757       0x33 zephyr/boards/posix/native_posix/libboards__posix__native_posix.a(irq_ctrl.c.obj)
                0x0000000000004757                hw_irq_ctrl_change_lock
 .text.hw_irq_ctrl_get_irq_status
                0x000000000000478a        0xc zephyr/boards/posix/native_posix/libboards__posix__native_posix.a(irq_ctrl.c.obj)
                0x000000000000478a                hw_irq_ctrl_get_irq_status
 .text.hw_irq_ctrl_get_highest_prio_irq
                0x0000000000004796       0x6f zephyr/boards/posix/native_posix/libboards__posix__native_posix.a(irq_ctrl.c.obj)
                0x0000000000004796                hw_irq_ctrl_get_highest_prio_irq
 .text.hw_irq_ctrl_clear_irq
                0x0000000000004805       0x1f zephyr/boards/posix/native_posix/libboards__posix__native_posix.a(irq_ctrl.c.obj)
                0x0000000000004805                hw_irq_ctrl_clear_irq
 .text.hw_irq_ctrl_set_irq
                0x0000000000004824       0x33 zephyr/boards/posix/native_posix/libboards__posix__native_posix.a(irq_ctrl.c.obj)
                0x0000000000004824                hw_irq_ctrl_set_irq
 .text.hw_irq_ctrl_raise_im_from_sw
                0x0000000000004857       0x1b zephyr/boards/posix/native_posix/libboards__posix__native_posix.a(irq_ctrl.c.obj)
                0x0000000000004857                hw_irq_ctrl_raise_im_from_sw
 .text.hw_irq_ctrl_enable_irq
                0x0000000000004872       0x28 zephyr/boards/posix/native_posix/libboards__posix__native_posix.a(irq_ctrl.c.obj)
                0x0000000000004872                hw_irq_ctrl_enable_irq
 .text.hw_irq_ctrl_timer_triggered
                0x000000000000489a       0x17 zephyr/boards/posix/native_posix/libboards__posix__native_posix.a(irq_ctrl.c.obj)
                0x000000000000489a                hw_irq_ctrl_timer_triggered
 .text.posix_exit
                0x00000000000048b1       0x32 zephyr/boards/posix/native_posix/libboards__posix__native_posix.a(main.c.obj)
                0x00000000000048b1                posix_exit
 .text.main     0x00000000000048e3       0x5b zephyr/boards/posix/native_posix/libboards__posix__native_posix.a(main.c.obj)
                0x00000000000048e3                main
 .text.trace_disable_color
                0x000000000000493e       0x10 zephyr/boards/posix/native_posix/libboards__posix__native_posix.a(tracing.c.obj)
                0x000000000000493e                trace_disable_color
 .text.trace_enable_color
                0x000000000000494e       0x10 zephyr/boards/posix/native_posix/libboards__posix__native_posix.a(tracing.c.obj)
                0x000000000000494e                trace_enable_color
 .text.trace_force_color
                0x000000000000495e       0x16 zephyr/boards/posix/native_posix/libboards__posix__native_posix.a(tracing.c.obj)
                0x000000000000495e                trace_force_color
 .text.decide_about_color
                0x0000000000004974       0x39 zephyr/boards/posix/native_posix/libboards__posix__native_posix.a(tracing.c.obj)
 .text.posix_print_error_and_exit
                0x00000000000049ad       0xd9 zephyr/boards/posix/native_posix/libboards__posix__native_posix.a(tracing.c.obj)
                0x00000000000049ad                posix_print_error_and_exit
 .text.posix_print_warning
                0x0000000000004a86       0xcf zephyr/boards/posix/native_posix/libboards__posix__native_posix.a(tracing.c.obj)
                0x0000000000004a86                posix_print_warning
 .text.posix_print_trace
                0x0000000000004b55       0xcf zephyr/boards/posix/native_posix/libboards__posix__native_posix.a(tracing.c.obj)
                0x0000000000004b55                posix_print_trace
 .text.native_add_tracing_options
                0x0000000000004c24       0x10 zephyr/boards/posix/native_posix/libboards__posix__native_posix.a(tracing.c.obj)
                0x0000000000004c24                native_add_tracing_options
 .text.cmd_gen_switch_syntax.constprop.0
                0x0000000000004c34       0xe4 zephyr/boards/posix/native_posix/libboards__posix__native_posix.a(cmdline_common.c.obj)
 .text.cmd_is_option
                0x0000000000004d18       0xae zephyr/boards/posix/native_posix/libboards__posix__native_posix.a(cmdline_common.c.obj)
                0x0000000000004d18                cmd_is_option
 .text.cmd_is_help_option
                0x0000000000004dc6       0x6d zephyr/boards/posix/native_posix/libboards__posix__native_posix.a(cmdline_common.c.obj)
                0x0000000000004dc6                cmd_is_help_option
 .text.cmd_read_option_value
                0x0000000000004e33      0x192 zephyr/boards/posix/native_posix/libboards__posix__native_posix.a(cmdline_common.c.obj)
                0x0000000000004e33                cmd_read_option_value
 .text.cmd_args_set_defaults
                0x0000000000004fc5       0xc5 zephyr/boards/posix/native_posix/libboards__posix__native_posix.a(cmdline_common.c.obj)
                0x0000000000004fc5                cmd_args_set_defaults
 .text.cmd_print_switches_help
                0x000000000000508a      0x10a zephyr/boards/posix/native_posix/libboards__posix__native_posix.a(cmdline_common.c.obj)
                0x000000000000508a                cmd_print_switches_help
 .text.cmd_print_long_help
                0x0000000000005194      0x191 zephyr/boards/posix/native_posix/libboards__posix__native_posix.a(cmdline_common.c.obj)
                0x0000000000005194                cmd_print_long_help
 .text.cmd_parse_one_arg
                0x0000000000005325       0xc3 zephyr/boards/posix/native_posix/libboards__posix__native_posix.a(cmdline_common.c.obj)
                0x0000000000005325                cmd_parse_one_arg
 .text.native_cleanup_cmd_line
                0x00000000000053e8       0x24 zephyr/boards/posix/native_posix/libboards__posix__native_posix.a(cmdline.c.obj)
                0x00000000000053e8                native_cleanup_cmd_line
 .text.native_add_command_line_opts
                0x000000000000540c       0xa7 zephyr/boards/posix/native_posix/libboards__posix__native_posix.a(cmdline.c.obj)
                0x000000000000540c                native_add_command_line_opts
 .text.native_add_testargs_option
                0x00000000000054b3       0x10 zephyr/boards/posix/native_posix/libboards__posix__native_posix.a(cmdline.c.obj)
                0x00000000000054b3                native_add_testargs_option
 .text.native_handle_cmd_line
                0x00000000000054c3       0xbb zephyr/boards/posix/native_posix/libboards__posix__native_posix.a(cmdline.c.obj)
                0x00000000000054c3                native_handle_cmd_line
 .text.hw_counter_init
                0x000000000000557e       0x3b zephyr/boards/posix/native_posix/libboards__posix__native_posix.a(hw_counter.c.obj)
                0x000000000000557e                hw_counter_init
 .text.hw_counter_triggered
                0x00000000000055b9       0x54 zephyr/boards/posix/native_posix/libboards__posix__native_posix.a(hw_counter.c.obj)
                0x00000000000055b9                hw_counter_triggered
 .text.bg_thread_main
                0x000000000000560d       0x3f zephyr/kernel/libkernel.a(init.c.obj)
 .text.z_cstart
                0x000000000000564c      0x129 zephyr/kernel/libkernel.a(init.c.obj)
                0x000000000000564c                z_cstart
 .text.z_is_t1_higher_prio_than_t2
                0x0000000000005775        0xe zephyr/kernel/libkernel.a(sched.c.obj)
                0x0000000000005775                z_is_t1_higher_prio_than_t2
 .text.z_reset_time_slice
                0x0000000000005783       0x2e zephyr/kernel/libkernel.a(sched.c.obj)
                0x0000000000005783                z_reset_time_slice
 .text.k_sched_time_slice_set
                0x00000000000057b1       0x67 zephyr/kernel/libkernel.a(sched.c.obj)
                0x00000000000057b1                k_sched_time_slice_set
 .text.z_reschedule
                0x0000000000005818       0x29 zephyr/kernel/libkernel.a(sched.c.obj)
                0x0000000000005818                z_reschedule
 .text.z_reschedule_irqlock
                0x0000000000005841       0x1d zephyr/kernel/libkernel.a(sched.c.obj)
                0x0000000000005841                z_reschedule_irqlock
 .text.z_reschedule_unlocked
                0x000000000000585e        0xe zephyr/kernel/libkernel.a(sched.c.obj)
 .text.k_sched_lock
                0x000000000000586c       0x20 zephyr/kernel/libkernel.a(sched.c.obj)
                0x000000000000586c                k_sched_lock
 .text.z_priq_dumb_remove
                0x000000000000588c       0x22 zephyr/kernel/libkernel.a(sched.c.obj)
                0x000000000000588c                z_priq_dumb_remove
 .text.unpend_thread_no_timeout
                0x00000000000058ae       0x1e zephyr/kernel/libkernel.a(sched.c.obj)
 .text.z_priq_dumb_best
                0x00000000000058cc       0x14 zephyr/kernel/libkernel.a(sched.c.obj)
                0x00000000000058cc                z_priq_dumb_best
 .text.update_cache
                0x00000000000058e0       0x6a zephyr/kernel/libkernel.a(sched.c.obj)
 .text.z_impl_k_thread_suspend
                0x000000000000594a       0x6b zephyr/kernel/libkernel.a(sched.c.obj)
                0x000000000000594a                z_impl_k_thread_suspend
 .text.k_sched_unlock
                0x00000000000059b5       0x2e zephyr/kernel/libkernel.a(sched.c.obj)
                0x00000000000059b5                k_sched_unlock
 .text.move_thread_to_end_of_prio_q
                0x00000000000059e3       0xa7 zephyr/kernel/libkernel.a(sched.c.obj)
 .text.z_time_slice
                0x0000000000005a8a       0x71 zephyr/kernel/libkernel.a(sched.c.obj)
                0x0000000000005a8a                z_time_slice
 .text.ready_thread
                0x0000000000005afb       0xa6 zephyr/kernel/libkernel.a(sched.c.obj)
 .text.z_ready_thread
                0x0000000000005ba1       0x2b zephyr/kernel/libkernel.a(sched.c.obj)
                0x0000000000005ba1                z_ready_thread
 .text.z_sched_start
                0x0000000000005bcc       0x51 zephyr/kernel/libkernel.a(sched.c.obj)
                0x0000000000005bcc                z_sched_start
 .text.z_thread_timeout
                0x0000000000005c1d       0x3c zephyr/kernel/libkernel.a(sched.c.obj)
                0x0000000000005c1d                z_thread_timeout
 .text.z_thread_single_abort
                0x0000000000005c59      0x133 zephyr/kernel/libkernel.a(sched.c.obj)
                0x0000000000005c59                z_thread_single_abort
 .text.z_sched_init
                0x0000000000005d8c       0x20 zephyr/kernel/libkernel.a(sched.c.obj)
                0x0000000000005d8c                z_sched_init
 .text.z_impl_k_current_get
                0x0000000000005dac       0x10 zephyr/kernel/libkernel.a(sched.c.obj)
                0x0000000000005dac                z_impl_k_current_get
 .text.z_impl_k_thread_start
                0x0000000000005dbc        0x9 zephyr/kernel/libkernel.a(thread.c.obj)
                0x0000000000005dbc                z_impl_k_thread_start
 .text.z_init_thread_base
                0x0000000000005dc5       0x23 zephyr/kernel/libkernel.a(thread.c.obj)
                0x0000000000005dc5                z_init_thread_base
 .text.z_setup_new_thread
                0x0000000000005de8       0xaa zephyr/kernel/libkernel.a(thread.c.obj)
                0x0000000000005de8                z_setup_new_thread
 .text.z_init_static_threads
                0x0000000000005e92       0xb5 zephyr/kernel/libkernel.a(thread.c.obj)
                0x0000000000005e92                z_init_static_threads
 .text.z_self_abort
                0x0000000000005f47       0x41 zephyr/kernel/libkernel.a(thread_abort.c.obj)
                0x0000000000005f47                z_self_abort
 .text.boot_banner
                0x0000000000005f88       0x20 zephyr/kernel/libkernel.a(banner.c.obj)
                0x0000000000005f88                boot_banner
 .text.elapsed  0x0000000000005fa8       0x11 zephyr/kernel/libkernel.a(timeout.c.obj)
 .text.remove_timeout
                0x0000000000005fb9       0x39 zephyr/kernel/libkernel.a(timeout.c.obj)
 .text.next_timeout
                0x0000000000005ff2       0x5d zephyr/kernel/libkernel.a(timeout.c.obj)
 .text.z_add_timeout
                0x000000000000604f      0x11e zephyr/kernel/libkernel.a(timeout.c.obj)
                0x000000000000604f                z_add_timeout
 .text.z_abort_timeout
                0x000000000000616d       0x42 zephyr/kernel/libkernel.a(timeout.c.obj)
                0x000000000000616d                z_abort_timeout
 .text.z_get_next_timeout_expiry
                0x00000000000061af       0x2a zephyr/kernel/libkernel.a(timeout.c.obj)
                0x00000000000061af                z_get_next_timeout_expiry
 .text.z_set_timeout_expiry
                0x00000000000061d9       0x4c zephyr/kernel/libkernel.a(timeout.c.obj)
                0x00000000000061d9                z_set_timeout_expiry
 .text.z_clock_announce
                0x0000000000006225       0xba zephyr/kernel/libkernel.a(timeout.c.obj)
                0x0000000000006225                z_clock_announce
 .text.z_sys_init_run_level
                0x00000000000062df       0x6a zephyr/kernel/libkernel.a(device.c.obj)
                0x00000000000062df                z_sys_init_run_level
 .text.idle     0x0000000000006349       0x5f zephyr/kernel/libkernel.a(idle.c.obj)
                0x0000000000006349                idle
 .text.k_heap_init
                0x00000000000063a8       0x15 zephyr/kernel/libkernel.a(kheap.c.obj)
                0x00000000000063a8                k_heap_init
 .text.statics_init
                0x00000000000063bd       0x2f zephyr/kernel/libkernel.a(kheap.c.obj)
 .text._OffsetAbsSyms
                0x00000000000063ec        0x5 zephyr/CMakeFiles/offsets.dir/arch/posix/core/offsets/offsets.c.obj
                0x00000000000063ec                _OffsetAbsSyms
 *(SORT_BY_ALIGNMENT(.gnu.warning))

.fini           0x00000000000063f4        0xd
 *(SORT_NONE(.fini))
 .fini          0x00000000000063f4        0x8 /usr/lib/gcc/x86_64-linux-gnu/9/../../../x86_64-linux-gnu/crti.o
                0x00000000000063f4                _fini
 .fini          0x00000000000063fc        0x5 /usr/lib/gcc/x86_64-linux-gnu/9/../../../x86_64-linux-gnu/crtn.o
                [!provide]                        PROVIDE (__etext = .)
                [!provide]                        PROVIDE (_etext = .)
                [!provide]                        PROVIDE (etext = .)
                0x0000000000007000                . = ALIGN (CONSTANT (MAXPAGESIZE))
                0x0000000000007000                . = SEGMENT_START ("rodata-segment", (ALIGN (CONSTANT (MAXPAGESIZE)) + (. & (CONSTANT (MAXPAGESIZE) - 0x1))))

.rodata         0x0000000000007000      0xe32
 *(SORT_BY_ALIGNMENT(.rodata) SORT_BY_ALIGNMENT(.rodata.*) SORT_BY_ALIGNMENT(.gnu.linkonce.r.*))
 .rodata.__func__.5051
                0x0000000000007000       0x1d zephyr/boards/posix/native_posix/libboards__posix__native_posix.a(irq_handler.c.obj)
 *fill*         0x000000000000701d        0x3 
 .rodata.cst8   0x0000000000007020       0x28 zephyr/boards/posix/native_posix/libboards__posix__native_posix.a(timer_model.c.obj)
 .rodata.cst8   0x0000000000007048        0x8 zephyr/boards/posix/native_posix/libboards__posix__native_posix.a(cmdline_common.c.obj)
 .rodata.cbvprintf
                0x0000000000007050       0xfc zephyr/libzephyr.a(cbprintf_complete.c.obj)
 .rodata.cst4   0x000000000000714c        0x8 zephyr/boards/posix/native_posix/libboards__posix__native_posix.a(hw_models_top.c.obj)
 .rodata.zephyr_app_main.str1.1
                0x0000000000007154       0x34 app/libapp.a(main.c.obj)
 .rodata.z_thread_entry.str1.1
                0x0000000000007188       0x4e zephyr/libzephyr.a(thread_entry.c.obj)
 .rodata.cbvprintf.str1.1
                0x00000000000071d6        0x6 zephyr/libzephyr.a(cbprintf_complete.c.obj)
 .rodata.str1.1
                0x00000000000071dc        0xa zephyr/libzephyr.a(sys_clock_init.c.obj)
 .rodata.pc_safe_call.str1.1
                0x00000000000071e6       0x1a zephyr/arch/arch/posix/core/libarch__posix__core.a(posix_core.c.obj)
 .rodata.posix_preexit_cleanup.str1.1
                0x0000000000007200       0x23 zephyr/arch/arch/posix/core/libarch__posix__core.a(posix_core.c.obj)
 .rodata.posix_thread_starter.str1.1
                0x0000000000007223       0x21 zephyr/arch/arch/posix/core/libarch__posix__core.a(posix_core.c.obj)
 .rodata.posix_swap.str1.1
                0x0000000000007244       0x26 zephyr/arch/arch/posix/core/libarch__posix__core.a(posix_core.c.obj)
 .rodata.posix_new_thread.str1.1
                0x000000000000726a       0x8c zephyr/arch/arch/posix/core/libarch__posix__core.a(posix_core.c.obj)
 .rodata.posix_core_clean_up.str1.1
                0x00000000000072f6       0x34 zephyr/arch/arch/posix/core/libarch__posix__core.a(posix_core.c.obj)
 .rodata.z_impl_k_thread_abort.str1.1
                0x000000000000732a       0x7c zephyr/arch/arch/posix/core/libarch__posix__core.a(posix_core.c.obj)
 .rodata.pc_safe_call.str1.1
                0x00000000000073a6       0x1a zephyr/soc/posix/inf_clock/libsoc__posix__inf_clock.a(soc.c.obj)
 .rodata.zephyr_wrapper.str1.1
                0x00000000000073a6       0x3c zephyr/soc/posix/inf_clock/libsoc__posix__inf_clock.a(soc.c.obj)
 .rodata.posix_change_cpu_state_and_wait.str1.1
                0x00000000000073e2       0x22 zephyr/soc/posix/inf_clock/libsoc__posix__inf_clock.a(soc.c.obj)
 .rodata.posix_boot_cpu.str1.1
                0x0000000000007404       0x3b zephyr/soc/posix/inf_clock/libsoc__posix__inf_clock.a(soc.c.obj)
 .rodata.hwm_set_sig_handler.str1.1
                0x000000000000743f       0x57 zephyr/boards/posix/native_posix/libboards__posix__native_posix.a(hw_models_top.c.obj)
                                         0x71 (size before relaxing)
 .rodata.hwm_main_loop.str1.1
                0x0000000000007496       0x65 zephyr/boards/posix/native_posix/libboards__posix__native_posix.a(hw_models_top.c.obj)
 .rodata.cmd_stop_at_found.str1.1
                0x00000000000074fb       0x26 zephyr/boards/posix/native_posix/libboards__posix__native_posix.a(timer_model.c.obj)
 .rodata.cmd_rt_ratio_found.str1.1
                0x0000000000007521       0x3c zephyr/boards/posix/native_posix/libboards__posix__native_posix.a(timer_model.c.obj)
 .rodata.cmd_rt_drift_found.str1.1
                0x000000000000755d       0x3d zephyr/boards/posix/native_posix/libboards__posix__native_posix.a(timer_model.c.obj)
 .rodata.str1.1
                0x000000000000759a      0x3d9 zephyr/boards/posix/native_posix/libboards__posix__native_posix.a(timer_model.c.obj)
                                        0x3e8 (size before relaxing)
 .rodata.posix_irq_handler.str1.1
                0x0000000000007973       0x2e zephyr/boards/posix/native_posix/libboards__posix__native_posix.a(irq_handler.c.obj)
 .rodata.posix_irq_handler_im_from_sw.str1.1
                0x00000000000079a1       0x35 zephyr/boards/posix/native_posix/libboards__posix__native_posix.a(irq_handler.c.obj)
 .rodata.str1.1
                0x00000000000079d6       0xb8 zephyr/boards/posix/native_posix/libboards__posix__native_posix.a(tracing.c.obj)
                                         0xbe (size before relaxing)
 .rodata.cmd_gen_switch_syntax.constprop.0.str1.1
                0x0000000000007a8e       0x75 zephyr/boards/posix/native_posix/libboards__posix__native_posix.a(cmdline_common.c.obj)
                                         0x77 (size before relaxing)
 .rodata.cmd_is_option.str1.1
                0x0000000000007b03       0x5a zephyr/boards/posix/native_posix/libboards__posix__native_posix.a(cmdline_common.c.obj)
 .rodata.cmd_is_help_option.str1.1
                0x0000000000007b5d        0x4 zephyr/boards/posix/native_posix/libboards__posix__native_posix.a(cmdline_common.c.obj)
                                          0x9 (size before relaxing)
 .rodata.cmd_read_option_value.str1.1
                0x0000000000007b61       0x76 zephyr/boards/posix/native_posix/libboards__posix__native_posix.a(cmdline_common.c.obj)
 .rodata.cmd_print_switches_help.str1.1
                0x0000000000007bd7       0x1d zephyr/boards/posix/native_posix/libboards__posix__native_posix.a(cmdline_common.c.obj)
                                         0x22 (size before relaxing)
 .rodata.cmd_print_long_help.str1.1
                0x0000000000007bf4       0x7e zephyr/boards/posix/native_posix/libboards__posix__native_posix.a(cmdline_common.c.obj)
                                         0x7f (size before relaxing)
 .rodata.cmd_parse_one_arg.str1.1
                0x0000000000007c72       0x4b zephyr/boards/posix/native_posix/libboards__posix__native_posix.a(cmdline_common.c.obj)
 .rodata.native_add_command_line_opts.str1.1
                0x0000000000007cbd       0x1a zephyr/boards/posix/native_posix/libboards__posix__native_posix.a(cmdline.c.obj)
 .rodata.native_handle_cmd_line.str1.1
                0x0000000000007cd7       0x5f zephyr/boards/posix/native_posix/libboards__posix__native_posix.a(cmdline.c.obj)
 .rodata.str1.1
                0x0000000000007d36       0x66 zephyr/boards/posix/native_posix/libboards__posix__native_posix.a(cmdline.c.obj)
 .rodata.z_cstart.str1.1
                0x0000000000007d9c       0x26 zephyr/kernel/libkernel.a(init.c.obj)
                                         0x4b (size before relaxing)
 .rodata.z_self_abort.str1.1
                0x0000000000007dc2       0x29 zephyr/kernel/libkernel.a(thread_abort.c.obj)
                                         0x4e (size before relaxing)
 .rodata.boot_banner.str1.1
                0x0000000000007deb       0x47 zephyr/kernel/libkernel.a(banner.c.obj)
                                         0x48 (size before relaxing)

.rodata1
 *(SORT_BY_ALIGNMENT(.rodata1))

.eh_frame_hdr   0x0000000000007e34       0x3c
 *(SORT_BY_ALIGNMENT(.eh_frame_hdr))
 .eh_frame_hdr  0x0000000000007e34       0x3c /usr/lib/gcc/x86_64-linux-gnu/9/../../../x86_64-linux-gnu/Scrt1.o
                0x0000000000007e34                __GNU_EH_FRAME_HDR
 *(SORT_BY_ALIGNMENT(.eh_frame_entry) SORT_BY_ALIGNMENT(.eh_frame_entry.*))

.eh_frame       0x0000000000007e70       0xe8
 *(SORT_BY_ALIGNMENT(.eh_frame))
 .eh_frame      0x0000000000007e70       0x30 /usr/lib/gcc/x86_64-linux-gnu/9/../../../x86_64-linux-gnu/Scrt1.o
                                         0x2c (size before relaxing)
 *fill*         0x0000000000007ea0        0x0 
 .eh_frame      0x0000000000007ea0       0x28 /usr/lib/gcc/x86_64-linux-gnu/9/../../../x86_64-linux-gnu/Scrt1.o
                                         0x40 (size before relaxing)
 .eh_frame      0x0000000000007ec8       0x18 /usr/lib/gcc/x86_64-linux-gnu/9/../../../x86_64-linux-gnu/Scrt1.o
                                         0x30 (size before relaxing)
 .eh_frame      0x0000000000007ee0       0x18 /usr/lib/gcc/x86_64-linux-gnu/9/../../../x86_64-linux-gnu/Scrt1.o
                                         0x30 (size before relaxing)
 .eh_frame      0x0000000000007ef8       0x5c /usr/lib/x86_64-linux-gnu/libc_nonshared.a(elf-init.oS)
                                         0x78 (size before relaxing)
 .eh_frame      0x0000000000007f54        0x4 /usr/lib/gcc/x86_64-linux-gnu/9/crtendS.o
 *(SORT_BY_ALIGNMENT(.eh_frame.*))

.gcc_except_table
 *(SORT_BY_ALIGNMENT(.gcc_except_table) SORT_BY_ALIGNMENT(.gcc_except_table.*))

.gnu_extab
 *(SORT_BY_ALIGNMENT(.gnu_extab*))

.exception_ranges
 *(SORT_BY_ALIGNMENT(.exception_ranges*))
                0x0000000000009bd0                . = DATA_SEGMENT_ALIGN (CONSTANT (MAXPAGESIZE), CONSTANT (COMMONPAGESIZE))

.eh_frame
 *(SORT_BY_ALIGNMENT(.eh_frame))
 *(SORT_BY_ALIGNMENT(.eh_frame.*))

.gnu_extab
 *(SORT_BY_ALIGNMENT(.gnu_extab))

.gcc_except_table
 *(SORT_BY_ALIGNMENT(.gcc_except_table) SORT_BY_ALIGNMENT(.gcc_except_table.*))

.exception_ranges
 *(SORT_BY_ALIGNMENT(.exception_ranges*))

.tdata          0x0000000000009bd0        0x0
                [!provide]                        PROVIDE (__tdata_start = .)
 *(SORT_BY_ALIGNMENT(.tdata) SORT_BY_ALIGNMENT(.tdata.*) SORT_BY_ALIGNMENT(.gnu.linkonce.td.*))

.tbss
 *(SORT_BY_ALIGNMENT(.tbss) SORT_BY_ALIGNMENT(.tbss.*) SORT_BY_ALIGNMENT(.gnu.linkonce.tb.*))
 *(SORT_BY_ALIGNMENT(.tcommon))

.preinit_array  0x0000000000009bd0        0x0
                [!provide]                        PROVIDE (__preinit_array_start = .)
 *(SORT_BY_ALIGNMENT(.preinit_array))
                [!provide]                        PROVIDE (__preinit_array_end = .)

.init_array     0x0000000000009bd0        0x8
                0x0000000000009bd0                PROVIDE (__init_array_start = .)
 *(SORT_BY_INIT_PRIORITY(.init_array.*) SORT_BY_INIT_PRIORITY(.ctors.*))
 *(SORT_BY_ALIGNMENT(.init_array) SORT_BY_ALIGNMENT(EXCLUDE_FILE(*crtend?.o *crtend.o *crtbegin?.o *crtbegin.o) .ctors))
 .init_array    0x0000000000009bd0        0x8 /usr/lib/gcc/x86_64-linux-gnu/9/crtbeginS.o
                0x0000000000009bd8                PROVIDE (__init_array_end = .)

.fini_array     0x0000000000009bd8        0x8
                [!provide]                        PROVIDE (__fini_array_start = .)
 *(SORT_BY_INIT_PRIORITY(.fini_array.*) SORT_BY_INIT_PRIORITY(.dtors.*))
 *(SORT_BY_ALIGNMENT(.fini_array) SORT_BY_ALIGNMENT(EXCLUDE_FILE(*crtend?.o *crtend.o *crtbegin?.o *crtbegin.o) .dtors))
 .fini_array    0x0000000000009bd8        0x8 /usr/lib/gcc/x86_64-linux-gnu/9/crtbeginS.o
                [!provide]                        PROVIDE (__fini_array_end = .)

.ctors
 *crtbegin.o(SORT_BY_ALIGNMENT(.ctors))
 *crtbegin?.o(SORT_BY_ALIGNMENT(.ctors))
 *(SORT_BY_ALIGNMENT(EXCLUDE_FILE(*crtend?.o *crtend.o) .ctors))
 *(SORT_BY_NAME(SORT_BY_ALIGNMENT(.ctors.*)))
 *(SORT_BY_ALIGNMENT(.ctors))

.dtors
 *crtbegin.o(SORT_BY_ALIGNMENT(.dtors))
 *crtbegin?.o(SORT_BY_ALIGNMENT(.dtors))
 *(SORT_BY_ALIGNMENT(EXCLUDE_FILE(*crtend?.o *crtend.o) .dtors))
 *(SORT_BY_NAME(SORT_BY_ALIGNMENT(.dtors.*)))
 *(SORT_BY_ALIGNMENT(.dtors))

.jcr
 *(SORT_BY_ALIGNMENT(.jcr))

.data.rel.ro    0x0000000000009be0       0x68
 *(SORT_BY_ALIGNMENT(.data.rel.ro.local*) SORT_BY_ALIGNMENT(.gnu.linkonce.d.rel.ro.local.*))
 *(SORT_BY_ALIGNMENT(.data.rel.ro) SORT_BY_ALIGNMENT(.data.rel.ro.*) SORT_BY_ALIGNMENT(.gnu.linkonce.d.rel.ro.*))
 .data.rel.ro.native_pre_tasks.6167
                0x0000000000009be0       0x30 zephyr/soc/posix/inf_clock/libsoc__posix__inf_clock.a(soc.c.obj)
 *fill*         0x0000000000009c10       0x10 
 .data.rel.ro.levels.4720
                0x0000000000009c20       0x28 zephyr/kernel/libkernel.a(device.c.obj)
 .data.rel.ro   0x0000000000009c48        0x0 /usr/lib/gcc/x86_64-linux-gnu/9/../../../x86_64-linux-gnu/Scrt1.o

.dynamic        0x0000000000009c48      0x210
 *(SORT_BY_ALIGNMENT(.dynamic))
 .dynamic       0x0000000000009c48      0x210 /usr/lib/gcc/x86_64-linux-gnu/9/../../../x86_64-linux-gnu/Scrt1.o
                0x0000000000009c48                _DYNAMIC

.got            0x0000000000009e58      0x1a8
 *(SORT_BY_ALIGNMENT(.got.plt))
 .got.plt       0x0000000000009e58      0x140 /usr/lib/gcc/x86_64-linux-gnu/9/../../../x86_64-linux-gnu/Scrt1.o
                0x0000000000009e58                _GLOBAL_OFFSET_TABLE_
 *(SORT_BY_ALIGNMENT(.igot.plt))
 *(SORT_BY_ALIGNMENT(.got))
 .got           0x0000000000009f98       0x68 /usr/lib/gcc/x86_64-linux-gnu/9/../../../x86_64-linux-gnu/Scrt1.o
 *(SORT_BY_ALIGNMENT(.igot))
                0x000000000000a000                . = DATA_SEGMENT_RELRO_END (., 0x0)

.data           0x000000000000a000      0x35e
 *(SORT_BY_ALIGNMENT(.data) SORT_BY_ALIGNMENT(.data.*) SORT_BY_ALIGNMENT(.gnu.linkonce.d.*))
 .data.rel.local.timer_options.3187
                0x000000000000a000      0x1c0 zephyr/boards/posix/native_posix/libboards__posix__native_posix.a(timer_model.c.obj)
 .data.rel.trace_options.3560
                0x000000000000a1c0       0xe0 zephyr/boards/posix/native_posix/libboards__posix__native_posix.a(tracing.c.obj)
 .data.rel.local.testargs_options.2552
                0x000000000000a2a0       0x70 zephyr/boards/posix/native_posix/libboards__posix__native_posix.a(cmdline.c.obj)
 .data.rel.local.timeout_list
                0x000000000000a310       0x10 zephyr/kernel/libkernel.a(timeout.c.obj)
 .data.rel.local
                0x000000000000a320        0x8 /usr/lib/gcc/x86_64-linux-gnu/9/crtbeginS.o
                0x000000000000a320                __dso_handle
 .data.rel._char_out
                0x000000000000a328        0x8 zephyr/libzephyr.a(printk.c.obj)
                0x000000000000a328                _char_out
 .data.end_of_time
                0x000000000000a330        0x8 zephyr/boards/posix/native_posix/libboards__posix__native_posix.a(hw_models_top.c.obj)
 .data.clock_ratio
                0x000000000000a338        0x8 zephyr/boards/posix/native_posix/libboards__posix__native_posix.a(timer_model.c.obj)
 .data.irq_ctrl_timer
                0x000000000000a340        0x8 zephyr/boards/posix/native_posix/libboards__posix__native_posix.a(irq_ctrl.c.obj)
                0x000000000000a340                irq_ctrl_timer
 .data.is_a_tty
                0x000000000000a348        0x8 zephyr/boards/posix/native_posix/libboards__posix__native_posix.a(tracing.c.obj)
 .data.next_timer_index
                0x000000000000a350        0x4 zephyr/boards/posix/native_posix/libboards__posix__native_posix.a(hw_models_top.c.obj)
 .data.currently_running_irq
                0x000000000000a354        0x4 zephyr/boards/posix/native_posix/libboards__posix__native_posix.a(irq_handler.c.obj)
 .data.currently_running_prio
                0x000000000000a358        0x4 zephyr/boards/posix/native_posix/libboards__posix__native_posix.a(irq_ctrl.c.obj)
 .data.cpu_halted
                0x000000000000a35c        0x1 zephyr/soc/posix/inf_clock/libsoc__posix__inf_clock.a(soc.c.obj)
 .data.real_time_mode
                0x000000000000a35d        0x1 zephyr/boards/posix/native_posix/libboards__posix__native_posix.a(timer_model.c.obj)
LOAD /usr/lib/gcc/x86_64-linux-gnu/9/../../../x86_64-linux-gnu/Scrt1.o
LOAD /usr/lib/gcc/x86_64-linux-gnu/9/../../../x86_64-linux-gnu/crti.o
LOAD /usr/lib/gcc/x86_64-linux-gnu/9/crtbeginS.o
LOAD zephyr/CMakeFiles/zephyr_prebuilt.dir/misc/empty_file.c.obj

.tm_clone_table
                0x000000000000a360        0x0
 .tm_clone_table
                0x000000000000a360        0x0 /usr/lib/gcc/x86_64-linux-gnu/9/crtbeginS.o
 .tm_clone_table
                0x000000000000a360        0x0 /usr/lib/gcc/x86_64-linux-gnu/9/crtendS.o

.noinit."WEST_TOPDIR/zephyr/kernel/init.c".2
                0x000000000000a360      0x100
 .noinit."WEST_TOPDIR/zephyr/kernel/init.c".2
                0x000000000000a360      0x100 zephyr/kernel/libkernel.a(init.c.obj)

.noinit."WEST_TOPDIR/zephyr/kernel/init.c".1
                0x000000000000a460      0x400
 .noinit."WEST_TOPDIR/zephyr/kernel/init.c".1
                0x000000000000a460      0x400 zephyr/kernel/libkernel.a(init.c.obj)
                0x000000000000a460                z_main_stack

.noinit."WEST_TOPDIR/zephyr/kernel/init.c".3
                0x000000000000a860      0x800
 .noinit."WEST_TOPDIR/zephyr/kernel/init.c".3
                0x000000000000a860      0x800 zephyr/kernel/libkernel.a(init.c.obj)
                0x000000000000a860                z_interrupt_stacks

initlevel       0x000000000000b060       0x30
                0x000000000000b060                __init_start = .
                0x000000000000b060                __init_PRE_KERNEL_1_start = .
 *(SORT_BY_NAME(SORT_BY_ALIGNMENT(.init_PRE_KERNEL_1[0-9]*)))
 .init_PRE_KERNEL_130
                0x000000000000b060       0x10 zephyr/kernel/libkernel.a(kheap.c.obj)
 .init_PRE_KERNEL_160
                0x000000000000b070       0x10 zephyr/libzephyr.a(native_posix_console.c.obj)
 *(SORT_BY_NAME(SORT_BY_ALIGNMENT(.init_PRE_KERNEL_1[1-9][0-9]*)))
                0x000000000000b080                __init_PRE_KERNEL_2_start = .
 *(SORT_BY_NAME(SORT_BY_ALIGNMENT(.init_PRE_KERNEL_2[0-9]*)))
 .init_PRE_KERNEL_20
                0x000000000000b080       0x10 zephyr/libzephyr.a(sys_clock_init.c.obj)
 *(SORT_BY_NAME(SORT_BY_ALIGNMENT(.init_PRE_KERNEL_2[1-9][0-9]*)))
                0x000000000000b090                __init_POST_KERNEL_start = .
 *(SORT_BY_NAME(SORT_BY_ALIGNMENT(.init_POST_KERNEL[0-9]*)))
 *(SORT_BY_NAME(SORT_BY_ALIGNMENT(.init_POST_KERNEL[1-9][0-9]*)))
                0x000000000000b090                __init_APPLICATION_start = .
 *(SORT_BY_NAME(SORT_BY_ALIGNMENT(.init_APPLICATION[0-9]*)))
 *(SORT_BY_NAME(SORT_BY_ALIGNMENT(.init_APPLICATION[1-9][0-9]*)))
                0x000000000000b090                __init_SMP_start = .
 *(SORT_BY_NAME(SORT_BY_ALIGNMENT(.init_SMP[0-9]*)))
 *(SORT_BY_NAME(SORT_BY_ALIGNMENT(.init_SMP[1-9][0-9]*)))
                0x000000000000b090                __init_end = .

initlevel_error
                0x000000000000b090        0x0
 *(SORT_BY_NAME(SORT_BY_ALIGNMENT(.init_[_A-Z0-9]*)))
                0x0000000000000001                ASSERT ((SIZEOF (initlevel_error) == 0x0), Undefined initialization levels used.)

app_shmem_regions
                0x000000000000b090        0x0
                0x000000000000b090                __app_shmem_regions_start = .
 *(SORT_BY_NAME(SORT_BY_ALIGNMENT(.app_regions.*)))
                0x000000000000b090                __app_shmem_regions_end = .

bt_l2cap_fixed_chan_area
                0x000000000000b090        0x0
                0x000000000000b090                _bt_l2cap_fixed_chan_list_start = .
 *(SORT_BY_NAME(SORT_BY_ALIGNMENT(._bt_l2cap_fixed_chan.static.*)))
                0x000000000000b090                _bt_l2cap_fixed_chan_list_end = .

bt_gatt_service_static_area
                0x000000000000b090        0x0
                0x000000000000b090                _bt_gatt_service_static_list_start = .
 *(SORT_BY_NAME(SORT_BY_ALIGNMENT(._bt_gatt_service_static.static.*)))
                0x000000000000b090                _bt_gatt_service_static_list_end = .

k_p4wq_initparam_area
                0x000000000000b090        0x0
                0x000000000000b090                _k_p4wq_initparam_list_start = .
 *(SORT_BY_NAME(SORT_BY_ALIGNMENT(._k_p4wq_initparam.static.*)))
                0x000000000000b090                _k_p4wq_initparam_list_end = .

log_const_sections
                0x000000000000b090        0x0
                0x000000000000b090                __log_const_start = .
 *(SORT_BY_NAME(SORT_BY_ALIGNMENT(.log_const_*)))
                0x000000000000b090                __log_const_end = .

log_backends_sections
                0x000000000000b090        0x0
                0x000000000000b090                __log_backends_start = .
 *(SORT_BY_ALIGNMENT(._log_backend.*))
                0x000000000000b090                __log_backends_end = .

shell_area      0x000000000000b090        0x0
                0x000000000000b090                _shell_list_start = .
 *(SORT_BY_NAME(SORT_BY_ALIGNMENT(._shell.static.*)))
                0x000000000000b090                _shell_list_end = .

shell_root_cmds_sections
                0x000000000000b090        0x0
                0x000000000000b090                __shell_root_cmds_start = .
 *(SORT_BY_NAME(SORT_BY_ALIGNMENT(.shell_root_cmd_*)))
                0x000000000000b090                __shell_root_cmds_end = .

font_entry_sections
                0x000000000000b090        0x0
                0x000000000000b090                __font_entry_start = .
 *(SORT_BY_NAME(SORT_BY_ALIGNMENT(._cfb_font.*)))
                0x000000000000b090                __font_entry_end = .

tracing_backend_area
                0x000000000000b090        0x0
                0x000000000000b090                _tracing_backend_list_start = .
 *(SORT_BY_NAME(SORT_BY_ALIGNMENT(._tracing_backend.static.*)))
                0x000000000000b090                _tracing_backend_list_end = .

devices         0x000000000000b090       0x24
                0x000000000000b090                __device_start = .
                0x000000000000b090                __device_PRE_KERNEL_1_start = .
 *(SORT_BY_NAME(SORT_BY_ALIGNMENT(.device_PRE_KERNEL_1[0-9]*)))
 *(SORT_BY_NAME(SORT_BY_ALIGNMENT(.device_PRE_KERNEL_1[1-9][0-9]*)))
                0x000000000000b090                __device_PRE_KERNEL_2_start = .
 *(SORT_BY_NAME(SORT_BY_ALIGNMENT(.device_PRE_KERNEL_2[0-9]*)))
 .device_PRE_KERNEL_20
                0x000000000000b090       0x20 zephyr/libzephyr.a(sys_clock_init.c.obj)
 *(SORT_BY_NAME(SORT_BY_ALIGNMENT(.device_PRE_KERNEL_2[1-9][0-9]*)))
                0x000000000000b0b0                __device_POST_KERNEL_start = .
 *(SORT_BY_NAME(SORT_BY_ALIGNMENT(.device_POST_KERNEL[0-9]*)))
 *(SORT_BY_NAME(SORT_BY_ALIGNMENT(.device_POST_KERNEL[1-9][0-9]*)))
                0x000000000000b0b0                __device_APPLICATION_start = .
 *(SORT_BY_NAME(SORT_BY_ALIGNMENT(.device_APPLICATION[0-9]*)))
 *(SORT_BY_NAME(SORT_BY_ALIGNMENT(.device_APPLICATION[1-9][0-9]*)))
                0x000000000000b0b0                __device_SMP_start = .
 *(SORT_BY_NAME(SORT_BY_ALIGNMENT(.device_SMP[0-9]*)))
 *(SORT_BY_NAME(SORT_BY_ALIGNMENT(.device_SMP[1-9][0-9]*)))
                0x000000000000b0b0                __device_end = .
 FILL mask 0x00
                0x000000000000b0b0                __device_init_status_start = .
                0x000000000000b0b4                . = (. + (((((__device_end - __device_start) / 0x20) + 0x1f) / 0x20) * 0x4))
 *fill*         0x000000000000b0b0        0x4 00
                0x000000000000b0b4                __device_init_status_end = .

initshell       0x000000000000b0b4        0x0
                0x000000000000b0b4                __shell_module_start = .
 *(SORT_BY_ALIGNMENT(.shell_module_*))
                0x000000000000b0b4                __shell_module_end = .
                0x000000000000b0b4                __shell_cmd_start = .
 *(SORT_BY_ALIGNMENT(.shell_cmd_*))
                0x000000000000b0b4                __shell_cmd_end = .

log_dynamic_sections
                0x000000000000b0b4        0x0
                0x000000000000b0b4                __log_dynamic_start = .
 *(SORT_BY_NAME(SORT_BY_ALIGNMENT(.log_dynamic_*)))
                0x000000000000b0b4                __log_dynamic_end = .

_static_thread_data_area
                0x000000000000b0b4        0x0
                0x000000000000b0b4                __static_thread_data_list_start = .
 *(SORT_BY_NAME(SORT_BY_ALIGNMENT(.__static_thread_data.static.*)))
                0x000000000000b0b4                __static_thread_data_list_end = .

k_timer_area    0x000000000000b0b4        0x0
                0x000000000000b0b4                _k_timer_list_start = .
 *(SORT_BY_NAME(SORT_BY_ALIGNMENT(._k_timer.static.*)))
                0x000000000000b0b4                _k_timer_list_end = .

k_mem_slab_area
                0x000000000000b0b4        0x0
                0x000000000000b0b4                _k_mem_slab_list_start = .
 *(SORT_BY_NAME(SORT_BY_ALIGNMENT(._k_mem_slab.static.*)))
                0x000000000000b0b4                _k_mem_slab_list_end = .

k_mem_pool_area
                0x000000000000b0b4        0x0
                0x000000000000b0b4                _k_mem_pool_list_start = .
 *(SORT_BY_NAME(SORT_BY_ALIGNMENT(._k_mem_pool.static.*)))
                0x000000000000b0b4                _k_mem_pool_list_end = .

k_heap_area     0x000000000000b0b4        0x0
                0x000000000000b0b4                _k_heap_list_start = .
 *(SORT_BY_NAME(SORT_BY_ALIGNMENT(._k_heap.static.*)))
                0x000000000000b0b4                _k_heap_list_end = .

k_mutex_area    0x000000000000b0b4        0x0
                0x000000000000b0b4                _k_mutex_list_start = .
 *(SORT_BY_NAME(SORT_BY_ALIGNMENT(._k_mutex.static.*)))
                0x000000000000b0b4                _k_mutex_list_end = .

k_stack_area    0x000000000000b0b4        0x0
                0x000000000000b0b4                _k_stack_list_start = .
 *(SORT_BY_NAME(SORT_BY_ALIGNMENT(._k_stack.static.*)))
                0x000000000000b0b4                _k_stack_list_end = .

k_msgq_area     0x000000000000b0b4        0x0
                0x000000000000b0b4                _k_msgq_list_start = .
 *(SORT_BY_NAME(SORT_BY_ALIGNMENT(._k_msgq.static.*)))
                0x000000000000b0b4                _k_msgq_list_end = .

k_mbox_area     0x000000000000b0b4        0x0
                0x000000000000b0b4                _k_mbox_list_start = .
 *(SORT_BY_NAME(SORT_BY_ALIGNMENT(._k_mbox.static.*)))
                0x000000000000b0b4                _k_mbox_list_end = .

k_pipe_area     0x000000000000b0b4        0x0
                0x000000000000b0b4                _k_pipe_list_start = .
 *(SORT_BY_NAME(SORT_BY_ALIGNMENT(._k_pipe.static.*)))
                0x000000000000b0b4                _k_pipe_list_end = .

k_sem_area      0x000000000000b0b4        0x0
                0x000000000000b0b4                _k_sem_list_start = .
 *(SORT_BY_NAME(SORT_BY_ALIGNMENT(._k_sem.static.*)))
                0x000000000000b0b4                _k_sem_list_end = .

k_queue_area    0x000000000000b0b4        0x0
                0x000000000000b0b4                _k_queue_list_start = .
 *(SORT_BY_NAME(SORT_BY_ALIGNMENT(._k_queue.static.*)))
                0x000000000000b0b4                _k_queue_list_end = .

k_condvar_area  0x000000000000b0b4        0x0
                0x000000000000b0b4                _k_condvar_list_start = .
 *(SORT_BY_NAME(SORT_BY_ALIGNMENT(._k_condvar.static.*)))
                0x000000000000b0b4                _k_condvar_list_end = .

_net_buf_pool_area
                0x000000000000b0b4        0x0
                0x000000000000b0b4                _net_buf_pool_list = .
 *(SORT_BY_NAME(SORT_BY_ALIGNMENT(._net_buf_pool.static.*)))

native_pre_tasks
                0x000000000000b0b8       0x10
                0x000000000000b0b8                __native_tasks_start = .
                0x000000000000b0b8                __native_PRE_BOOT_1_tasks_start = .
 *(SORT_BY_NAME(SORT_BY_ALIGNMENT(.native_PRE_BOOT_1[0-9]_task)))
 .native_PRE_BOOT_11_task
                0x000000000000b0b8        0x8 zephyr/boards/posix/native_posix/libboards__posix__native_posix.a(timer_model.c.obj)
 *(SORT_BY_NAME(SORT_BY_ALIGNMENT(.native_PRE_BOOT_1[1-9][0-9]_task)))
 *(SORT_BY_NAME(SORT_BY_ALIGNMENT(.native_PRE_BOOT_1[1-9][0-9][0-9]_task)))
                0x000000000000b0c0                __native_PRE_BOOT_2_tasks_start = .
 *(SORT_BY_NAME(SORT_BY_ALIGNMENT(.native_PRE_BOOT_2[0-9]_task)))
 .native_PRE_BOOT_20_task
                0x000000000000b0c0        0x8 zephyr/boards/posix/native_posix/libboards__posix__native_posix.a(tracing.c.obj)
 *(SORT_BY_NAME(SORT_BY_ALIGNMENT(.native_PRE_BOOT_2[1-9][0-9]_task)))
 *(SORT_BY_NAME(SORT_BY_ALIGNMENT(.native_PRE_BOOT_2[1-9][0-9][0-9]_task)))
                0x000000000000b0c8                __native_PRE_BOOT_3_tasks_start = .
 *(SORT_BY_NAME(SORT_BY_ALIGNMENT(.native_PRE_BOOT_3[0-9]_task)))
 *(SORT_BY_NAME(SORT_BY_ALIGNMENT(.native_PRE_BOOT_3[1-9][0-9]_task)))
 *(SORT_BY_NAME(SORT_BY_ALIGNMENT(.native_PRE_BOOT_3[1-9][0-9][0-9]_task)))
                0x000000000000b0c8                __native_FIRST_SLEEP_tasks_start = .
 *(SORT_BY_NAME(SORT_BY_ALIGNMENT(.native_FIRST_SLEEP[0-9]_task)))
 *(SORT_BY_NAME(SORT_BY_ALIGNMENT(.native_FIRST_SLEEP[1-9][0-9]_task)))
 *(SORT_BY_NAME(SORT_BY_ALIGNMENT(.native_FIRST_SLEEP[1-9][0-9][0-9]_task)))
                0x000000000000b0c8                __native_ON_EXIT_tasks_start = .
 *(SORT_BY_NAME(SORT_BY_ALIGNMENT(.native_ON_EXIT[0-9]_task)))
 *(SORT_BY_NAME(SORT_BY_ALIGNMENT(.native_ON_EXIT[1-9][0-9]_task)))
 *(SORT_BY_NAME(SORT_BY_ALIGNMENT(.native_ON_EXIT[1-9][0-9][0-9]_task)))
                0x000000000000b0c8                __native_tasks_end = .
                0x000000000000b0c8                __data_ram_end = .

.data1
 *(SORT_BY_ALIGNMENT(.data1))
                0x000000000000b0c8                _edata = .
                [!provide]                        PROVIDE (edata = .)
                0x000000000000b0c8                . = .
                0x000000000000b0c8                __bss_start = .

.bss            0x000000000000b0e0      0x6d8
 *(SORT_BY_ALIGNMENT(.dynbss))
 .dynbss        0x000000000000b0e0        0x0 /usr/lib/gcc/x86_64-linux-gnu/9/../../../x86_64-linux-gnu/Scrt1.o
 *(SORT_BY_ALIGNMENT(.bss) SORT_BY_ALIGNMENT(.bss.*) SORT_BY_ALIGNMENT(.gnu.linkonce.b.*))
 .bss.mtx_threads
                0x000000000000b0e0       0x28 zephyr/arch/arch/posix/core/libarch__posix__core.a(posix_core.c.obj)
 *fill*         0x000000000000b108       0x18 
 .bss.cond_threads
                0x000000000000b120       0x30 zephyr/arch/arch/posix/core/libarch__posix__core.a(posix_core.c.obj)
 *fill*         0x000000000000b150       0x10 
 .bss.mtx_cpu   0x000000000000b160       0x28 zephyr/soc/posix/inf_clock/libsoc__posix__inf_clock.a(soc.c.obj)
 *fill*         0x000000000000b188       0x18 
 .bss.cond_cpu  0x000000000000b1a0       0x30 zephyr/soc/posix/inf_clock/libsoc__posix__inf_clock.a(soc.c.obj)
 *fill*         0x000000000000b1d0       0x10 
 .bss.args      0x000000000000b1e0       0x20 zephyr/boards/posix/native_posix/libboards__posix__native_posix.a(timer_model.c.obj)
 .bss.irq_vector_table
                0x000000000000b200      0x300 zephyr/boards/posix/native_posix/libboards__posix__native_posix.a(irq_handler.c.obj)
 .bss.irq_prio  0x000000000000b500       0x20 zephyr/boards/posix/native_posix/libboards__posix__native_posix.a(irq_ctrl.c.obj)
 .bss.z_idle_threads
                0x000000000000b520       0x90 zephyr/kernel/libkernel.a(init.c.obj)
                0x000000000000b520                z_idle_threads
 *fill*         0x000000000000b5b0       0x10 
 .bss.z_main_thread
                0x000000000000b5c0       0x90 zephyr/kernel/libkernel.a(init.c.obj)
                0x000000000000b5c0                z_main_thread
 *fill*         0x000000000000b650       0x10 
 .bss._kernel   0x000000000000b660       0x58 zephyr/kernel/libkernel.a(sched.c.obj)
                0x000000000000b660                _kernel
 .bss.last_tick_time
                0x000000000000b6b8        0x8 zephyr/libzephyr.a(native_posix_timer.c.obj)
 .bss.tick_period
                0x000000000000b6c0        0x8 zephyr/libzephyr.a(native_posix_timer.c.obj)
 .bss.threads_table
                0x000000000000b6c8        0x8 zephyr/arch/arch/posix/core/libarch__posix__core.a(posix_core.c.obj)
 .bss.next_timer_time
                0x000000000000b6d0        0x8 zephyr/boards/posix/native_posix/libboards__posix__native_posix.a(hw_models_top.c.obj)
 .bss.simu_time
                0x000000000000b6d8        0x8 zephyr/boards/posix/native_posix/libboards__posix__native_posix.a(hw_models_top.c.obj)
 .bss.last_radj_stime
                0x000000000000b6e0        0x8 zephyr/boards/posix/native_posix/libboards__posix__native_posix.a(timer_model.c.obj)
 .bss.last_radj_rtime
                0x000000000000b6e8        0x8 zephyr/boards/posix/native_posix/libboards__posix__native_posix.a(timer_model.c.obj)
 .bss.rtc_offset
                0x000000000000b6f0        0x8 zephyr/boards/posix/native_posix/libboards__posix__native_posix.a(timer_model.c.obj)
 .bss.silent_ticks
                0x000000000000b6f8        0x8 zephyr/boards/posix/native_posix/libboards__posix__native_posix.a(timer_model.c.obj)
 .bss.tick_p    0x000000000000b700        0x8 zephyr/boards/posix/native_posix/libboards__posix__native_posix.a(timer_model.c.obj)
 .bss.hw_timer_awake_timer
                0x000000000000b708        0x8 zephyr/boards/posix/native_posix/libboards__posix__native_posix.a(timer_model.c.obj)
                0x000000000000b708                hw_timer_awake_timer
 .bss.hw_timer_tick_timer
                0x000000000000b710        0x8 zephyr/boards/posix/native_posix/libboards__posix__native_posix.a(timer_model.c.obj)
                0x000000000000b710                hw_timer_tick_timer
 .bss.hw_timer_timer
                0x000000000000b718        0x8 zephyr/boards/posix/native_posix/libboards__posix__native_posix.a(timer_model.c.obj)
                0x000000000000b718                hw_timer_timer
 .bss.irq_mask  0x000000000000b720        0x8 zephyr/boards/posix/native_posix/libboards__posix__native_posix.a(irq_ctrl.c.obj)
 .bss.irq_premask
                0x000000000000b728        0x8 zephyr/boards/posix/native_posix/libboards__posix__native_posix.a(irq_ctrl.c.obj)
 .bss.irq_status
                0x000000000000b730        0x8 zephyr/boards/posix/native_posix/libboards__posix__native_posix.a(irq_ctrl.c.obj)
 .bss.args_struct
                0x000000000000b738        0x8 zephyr/boards/posix/native_posix/libboards__posix__native_posix.a(cmdline.c.obj)
 .bss.test_argv
                0x000000000000b740        0x8 zephyr/boards/posix/native_posix/libboards__posix__native_posix.a(cmdline.c.obj)
 .bss.s_argv    0x000000000000b748        0x8 zephyr/boards/posix/native_posix/libboards__posix__native_posix.a(cmdline.c.obj)
 .bss.counter_period
                0x000000000000b750        0x8 zephyr/boards/posix/native_posix/libboards__posix__native_posix.a(hw_counter.c.obj)
 .bss.counter_target
                0x000000000000b758        0x8 zephyr/boards/posix/native_posix/libboards__posix__native_posix.a(hw_counter.c.obj)
 .bss.counter_value
                0x000000000000b760        0x8 zephyr/boards/posix/native_posix/libboards__posix__native_posix.a(hw_counter.c.obj)
 .bss.hw_counter_timer
                0x000000000000b768        0x8 zephyr/boards/posix/native_posix/libboards__posix__native_posix.a(hw_counter.c.obj)
                0x000000000000b768                hw_counter_timer
 .bss.curr_tick
                0x000000000000b770        0x8 zephyr/kernel/libkernel.a(timeout.c.obj)
 .bss.currently_allowed_thread
                0x000000000000b778        0x4 zephyr/arch/arch/posix/core/libarch__posix__core.a(posix_core.c.obj)
 .bss.thread_create_count
                0x000000000000b77c        0x4 zephyr/arch/arch/posix/core/libarch__posix__core.a(posix_core.c.obj)
 .bss.threads_table_size
                0x000000000000b780        0x4 zephyr/arch/arch/posix/core/libarch__posix__core.a(posix_core.c.obj)
 .bss.signaled_end
                0x000000000000b784        0x4 zephyr/boards/posix/native_posix/libboards__posix__native_posix.a(hw_models_top.c.obj)
 .bss.may_swap.5042
                0x000000000000b788        0x4 zephyr/boards/posix/native_posix/libboards__posix__native_posix.a(irq_handler.c.obj)
 .bss.max_exit_code.2396
                0x000000000000b78c        0x4 zephyr/boards/posix/native_posix/libboards__posix__native_posix.a(main.c.obj)
 .bss.args_aval
                0x000000000000b790        0x4 zephyr/boards/posix/native_posix/libboards__posix__native_posix.a(cmdline.c.obj)
 .bss.used_args
                0x000000000000b794        0x4 zephyr/boards/posix/native_posix/libboards__posix__native_posix.a(cmdline.c.obj)
 .bss.test_argc
                0x000000000000b798        0x4 zephyr/boards/posix/native_posix/libboards__posix__native_posix.a(cmdline.c.obj)
 .bss.s_argc    0x000000000000b79c        0x4 zephyr/boards/posix/native_posix/libboards__posix__native_posix.a(cmdline.c.obj)
 .bss.slice_max_prio
                0x000000000000b7a0        0x4 zephyr/kernel/libkernel.a(sched.c.obj)
 .bss.slice_time
                0x000000000000b7a4        0x4 zephyr/kernel/libkernel.a(sched.c.obj)
 .bss.announce_remaining
                0x000000000000b7a8        0x4 zephyr/kernel/libkernel.a(timeout.c.obj)
 .bss           0x000000000000b7ac        0x1 /usr/lib/gcc/x86_64-linux-gnu/9/crtbeginS.o
 .bss.terminate
                0x000000000000b7ad        0x1 zephyr/arch/arch/posix/core/libarch__posix__core.a(posix_core.c.obj)
 .bss.soc_terminate
                0x000000000000b7ae        0x1 zephyr/soc/posix/inf_clock/libsoc__posix__inf_clock.a(soc.c.obj)
 .bss.reset_rtc
                0x000000000000b7af        0x1 zephyr/boards/posix/native_posix/libboards__posix__native_posix.a(timer_model.c.obj)
 .bss.lock_ignore
                0x000000000000b7b0        0x1 zephyr/boards/posix/native_posix/libboards__posix__native_posix.a(irq_ctrl.c.obj)
 .bss.irqs_locked
                0x000000000000b7b1        0x1 zephyr/boards/posix/native_posix/libboards__posix__native_posix.a(irq_ctrl.c.obj)
 .bss.counter_running
                0x000000000000b7b2        0x1 zephyr/boards/posix/native_posix/libboards__posix__native_posix.a(hw_counter.c.obj)
 .bss.z_sys_post_kernel
                0x000000000000b7b3        0x1 zephyr/kernel/libkernel.a(init.c.obj)
                0x000000000000b7b3                z_sys_post_kernel
 .bss.sched_spinlock
                0x000000000000b7b4        0x0 zephyr/kernel/libkernel.a(sched.c.obj)
 *(SORT_BY_ALIGNMENT(COMMON))
                0x000000000000b7b8                . = ALIGN ((. != 0x0)?0x8:0x1)
 *fill*         0x000000000000b7b4        0x4 

.lbss
 *(SORT_BY_ALIGNMENT(.dynlbss))
 *(SORT_BY_ALIGNMENT(.lbss) SORT_BY_ALIGNMENT(.lbss.*) SORT_BY_ALIGNMENT(.gnu.linkonce.lb.*))
 *(SORT_BY_ALIGNMENT(LARGE_COMMON))
                0x000000000000b7b8                . = ALIGN (0x8)
                0x000000000000b7b8                . = SEGMENT_START ("ldata-segment", .)

.lrodata
 *(SORT_BY_ALIGNMENT(.lrodata) SORT_BY_ALIGNMENT(.lrodata.*) SORT_BY_ALIGNMENT(.gnu.linkonce.lr.*))

.ldata          0x000000000000d7b8        0x0
 *(SORT_BY_ALIGNMENT(.ldata) SORT_BY_ALIGNMENT(.ldata.*) SORT_BY_ALIGNMENT(.gnu.linkonce.l.*))
                0x000000000000d7b8                . = ALIGN ((. != 0x0)?0x8:0x1)
                0x000000000000d7b8                . = ALIGN (0x8)
                0x000000000000b7b8                _end = .
                [!provide]                        PROVIDE (end = .)
                0x000000000000d7b8                . = DATA_SEGMENT_END (.)

.stab
 *(SORT_BY_ALIGNMENT(.stab))

.stabstr
 *(SORT_BY_ALIGNMENT(.stabstr))

.stab.excl
 *(SORT_BY_ALIGNMENT(.stab.excl))

.stab.exclstr
 *(SORT_BY_ALIGNMENT(.stab.exclstr))

.stab.index
 *(SORT_BY_ALIGNMENT(.stab.index))

.stab.indexstr
 *(SORT_BY_ALIGNMENT(.stab.indexstr))

.comment        0x0000000000000000       0x2a
 *(SORT_BY_ALIGNMENT(.comment))
 .comment       0x0000000000000000       0x2a /usr/lib/gcc/x86_64-linux-gnu/9/crtbeginS.o
                                         0x2b (size before relaxing)
 .comment       0x000000000000002a       0x2b app/libapp.a(main.c.obj)
 .comment       0x000000000000002a       0x2b zephyr/libzephyr.a(printk.c.obj)
 .comment       0x000000000000002a       0x2b zephyr/libzephyr.a(thread_entry.c.obj)
 .comment       0x000000000000002a       0x2b zephyr/libzephyr.a(heap.c.obj)
 .comment       0x000000000000002a       0x2b zephyr/libzephyr.a(cbprintf_complete.c.obj)
 .comment       0x000000000000002a       0x2b zephyr/libzephyr.a(configs.c.obj)
 .comment       0x000000000000002a       0x2b zephyr/libzephyr.a(native_posix_console.c.obj)
 .comment       0x000000000000002a       0x2b zephyr/libzephyr.a(sys_clock_init.c.obj)
 .comment       0x000000000000002a       0x2b zephyr/libzephyr.a(native_posix_timer.c.obj)
 .comment       0x000000000000002a       0x2b zephyr/arch/arch/posix/core/libarch__posix__core.a(cpuhalt.c.obj)
 .comment       0x000000000000002a       0x2b zephyr/arch/arch/posix/core/libarch__posix__core.a(irq.c.obj)
 .comment       0x000000000000002a       0x2b zephyr/arch/arch/posix/core/libarch__posix__core.a(posix_core.c.obj)
 .comment       0x000000000000002a       0x2b zephyr/arch/arch/posix/core/libarch__posix__core.a(swap.c.obj)
 .comment       0x000000000000002a       0x2b zephyr/arch/arch/posix/core/libarch__posix__core.a(thread.c.obj)
 .comment       0x000000000000002a       0x2b zephyr/soc/posix/inf_clock/libsoc__posix__inf_clock.a(soc.c.obj)
 .comment       0x000000000000002a       0x2b zephyr/boards/posix/native_posix/libboards__posix__native_posix.a(hw_models_top.c.obj)
 .comment       0x000000000000002a       0x2b zephyr/boards/posix/native_posix/libboards__posix__native_posix.a(timer_model.c.obj)
 .comment       0x000000000000002a       0x2b zephyr/boards/posix/native_posix/libboards__posix__native_posix.a(irq_handler.c.obj)
 .comment       0x000000000000002a       0x2b zephyr/boards/posix/native_posix/libboards__posix__native_posix.a(irq_ctrl.c.obj)
 .comment       0x000000000000002a       0x2b zephyr/boards/posix/native_posix/libboards__posix__native_posix.a(main.c.obj)
 .comment       0x000000000000002a       0x2b zephyr/boards/posix/native_posix/libboards__posix__native_posix.a(tracing.c.obj)
 .comment       0x000000000000002a       0x2b zephyr/boards/posix/native_posix/libboards__posix__native_posix.a(cmdline_common.c.obj)
 .comment       0x000000000000002a       0x2b zephyr/boards/posix/native_posix/libboards__posix__native_posix.a(cmdline.c.obj)
 .comment       0x000000000000002a       0x2b zephyr/boards/posix/native_posix/libboards__posix__native_posix.a(hw_counter.c.obj)
 .comment       0x000000000000002a       0x2b zephyr/kernel/libkernel.a(init.c.obj)
 .comment       0x000000000000002a       0x2b zephyr/kernel/libkernel.a(sched.c.obj)
 .comment       0x000000000000002a       0x2b zephyr/kernel/libkernel.a(thread.c.obj)
 .comment       0x000000000000002a       0x2b zephyr/kernel/libkernel.a(thread_abort.c.obj)
 .comment       0x000000000000002a       0x2b zephyr/kernel/libkernel.a(banner.c.obj)
 .comment       0x000000000000002a       0x2b zephyr/kernel/libkernel.a(timeout.c.obj)
 .comment       0x000000000000002a       0x2b zephyr/kernel/libkernel.a(device.c.obj)
 .comment       0x000000000000002a       0x2b zephyr/kernel/libkernel.a(idle.c.obj)
 .comment       0x000000000000002a       0x2b zephyr/kernel/libkernel.a(kheap.c.obj)
 .comment       0x000000000000002a       0x2b zephyr/CMakeFiles/offsets.dir/arch/posix/core/offsets/offsets.c.obj
 .comment       0x000000000000002a       0x2b /usr/lib/gcc/x86_64-linux-gnu/9/crtendS.o

.gnu.build.attributes
 *(SORT_BY_ALIGNMENT(.gnu.build.attributes) SORT_BY_ALIGNMENT(.gnu.build.attributes.*))

.debug
 *(SORT_BY_ALIGNMENT(.debug))

.line
 *(SORT_BY_ALIGNMENT(.line))

.debug_srcinfo
 *(SORT_BY_ALIGNMENT(.debug_srcinfo))

.debug_sfnames
 *(SORT_BY_ALIGNMENT(.debug_sfnames))

.debug_aranges  0x0000000000000000     0x1600
 *(SORT_BY_ALIGNMENT(.debug_aranges))
 .debug_aranges
                0x0000000000000000       0x30 app/libapp.a(main.c.obj)
 .debug_aranges
                0x0000000000000030       0xc0 zephyr/libzephyr.a(printk.c.obj)
 .debug_aranges
                0x00000000000000f0       0x30 zephyr/libzephyr.a(thread_entry.c.obj)
 .debug_aranges
                0x0000000000000120      0x100 zephyr/libzephyr.a(heap.c.obj)
 .debug_aranges
                0x0000000000000220       0x60 zephyr/libzephyr.a(cbprintf_complete.c.obj)
 .debug_aranges
                0x0000000000000280       0x30 zephyr/libzephyr.a(configs.c.obj)
 .debug_aranges
                0x00000000000002b0       0x40 zephyr/libzephyr.a(native_posix_console.c.obj)
 .debug_aranges
                0x00000000000002f0       0x70 zephyr/libzephyr.a(sys_clock_init.c.obj)
 .debug_aranges
                0x0000000000000360       0x80 zephyr/libzephyr.a(native_posix_timer.c.obj)
 .debug_aranges
                0x00000000000003e0       0x40 zephyr/arch/arch/posix/core/libarch__posix__core.a(cpuhalt.c.obj)
 .debug_aranges
                0x0000000000000420       0x50 zephyr/arch/arch/posix/core/libarch__posix__core.a(irq.c.obj)
 .debug_aranges
                0x0000000000000470       0xf0 zephyr/arch/arch/posix/core/libarch__posix__core.a(posix_core.c.obj)
 .debug_aranges
                0x0000000000000560       0x40 zephyr/arch/arch/posix/core/libarch__posix__core.a(swap.c.obj)
 .debug_aranges
                0x00000000000005a0       0x40 zephyr/arch/arch/posix/core/libarch__posix__core.a(thread.c.obj)
 .debug_aranges
                0x00000000000005e0       0xc0 zephyr/soc/posix/inf_clock/libsoc__posix__inf_clock.a(soc.c.obj)
 .debug_aranges
                0x00000000000006a0       0xb0 zephyr/boards/posix/native_posix/libboards__posix__native_posix.a(hw_models_top.c.obj)
 .debug_aranges
                0x0000000000000750      0x1b0 zephyr/boards/posix/native_posix/libboards__posix__native_posix.a(timer_model.c.obj)
 .debug_aranges
                0x0000000000000900       0xf0 zephyr/boards/posix/native_posix/libboards__posix__native_posix.a(irq_handler.c.obj)
 .debug_aranges
                0x00000000000009f0      0x190 zephyr/boards/posix/native_posix/libboards__posix__native_posix.a(irq_ctrl.c.obj)
 .debug_aranges
                0x0000000000000b80       0x40 zephyr/boards/posix/native_posix/libboards__posix__native_posix.a(main.c.obj)
 .debug_aranges
                0x0000000000000bc0       0xb0 zephyr/boards/posix/native_posix/libboards__posix__native_posix.a(tracing.c.obj)
 .debug_aranges
                0x0000000000000c70       0xa0 zephyr/boards/posix/native_posix/libboards__posix__native_posix.a(cmdline_common.c.obj)
 .debug_aranges
                0x0000000000000d10       0x80 zephyr/boards/posix/native_posix/libboards__posix__native_posix.a(cmdline.c.obj)
 .debug_aranges
                0x0000000000000d90       0x90 zephyr/boards/posix/native_posix/libboards__posix__native_posix.a(hw_counter.c.obj)
 .debug_aranges
                0x0000000000000e20       0x60 zephyr/kernel/libkernel.a(init.c.obj)
 .debug_aranges
                0x0000000000000e80      0x3a0 zephyr/kernel/libkernel.a(sched.c.obj)
 .debug_aranges
                0x0000000000001220      0x130 zephyr/kernel/libkernel.a(thread.c.obj)
 .debug_aranges
                0x0000000000001350       0x30 zephyr/kernel/libkernel.a(thread_abort.c.obj)
 .debug_aranges
                0x0000000000001380       0x30 zephyr/kernel/libkernel.a(banner.c.obj)
 .debug_aranges
                0x00000000000013b0      0x110 zephyr/kernel/libkernel.a(timeout.c.obj)
 .debug_aranges
                0x00000000000014c0       0x70 zephyr/kernel/libkernel.a(device.c.obj)
 .debug_aranges
                0x0000000000001530       0x40 zephyr/kernel/libkernel.a(idle.c.obj)
 .debug_aranges
                0x0000000000001570       0x60 zephyr/kernel/libkernel.a(kheap.c.obj)
 .debug_aranges
                0x00000000000015d0       0x30 zephyr/CMakeFiles/offsets.dir/arch/posix/core/offsets/offsets.c.obj

.debug_pubnames
 *(SORT_BY_ALIGNMENT(.debug_pubnames))

.debug_info     0x0000000000000000    0x20fbd
 *(SORT_BY_ALIGNMENT(.debug_info) SORT_BY_ALIGNMENT(.gnu.linkonce.wi.*))
 .debug_info    0x0000000000000000      0x6f5 app/libapp.a(main.c.obj)
 .debug_info    0x00000000000006f5      0xca6 zephyr/libzephyr.a(printk.c.obj)
 .debug_info    0x000000000000139b      0x855 zephyr/libzephyr.a(thread_entry.c.obj)
 .debug_info    0x0000000000001bf0     0x34a7 zephyr/libzephyr.a(heap.c.obj)
 .debug_info    0x0000000000005097     0x10a1 zephyr/libzephyr.a(cbprintf_complete.c.obj)
 .debug_info    0x0000000000006138       0x44 zephyr/libzephyr.a(configs.c.obj)
 .debug_info    0x000000000000617c      0xb15 zephyr/libzephyr.a(native_posix_console.c.obj)
 .debug_info    0x0000000000006c91      0xa54 zephyr/libzephyr.a(sys_clock_init.c.obj)
 .debug_info    0x00000000000076e5      0xb51 zephyr/libzephyr.a(native_posix_timer.c.obj)
 .debug_info    0x0000000000008236      0x747 zephyr/arch/arch/posix/core/libarch__posix__core.a(cpuhalt.c.obj)
 .debug_info    0x000000000000897d      0x1ce zephyr/arch/arch/posix/core/libarch__posix__core.a(irq.c.obj)
 .debug_info    0x0000000000008b4b     0x1806 zephyr/arch/arch/posix/core/libarch__posix__core.a(posix_core.c.obj)
 .debug_info    0x000000000000a351      0x8ec zephyr/arch/arch/posix/core/libarch__posix__core.a(swap.c.obj)
 .debug_info    0x000000000000ac3d      0x8bf zephyr/arch/arch/posix/core/libarch__posix__core.a(thread.c.obj)
 .debug_info    0x000000000000b4fc     0x121a zephyr/soc/posix/inf_clock/libsoc__posix__inf_clock.a(soc.c.obj)